../Core/Src/CC1101_E07_M1101D_SMA.c:3:6:SPI_CS_WRITE.part.0	0	static
../Core/Src/CC1101_E07_M1101D_SMA.c:3:6:SPI_CS_WRITE	0	static
../Core/Src/CC1101_E07_M1101D_SMA.c:458:6:hal_status	64	static
../Core/Src/CC1101_E07_M1101D_SMA.c:127:9:command_strobe	32	static
../Core/Src/CC1101_E07_M1101D_SMA.c:15:6:manual_POR	32	static
../Core/Src/CC1101_E07_M1101D_SMA.c:143:9:read_status_reg	32	static
../Core/Src/CC1101_E07_M1101D_SMA.c:321:9:read_single_byte	32	static
../Core/Src/CC1101_E07_M1101D_SMA.c:340:9:write_single_byte	32	static
../Core/Src/CC1101_E07_M1101D_SMA.c:50:6:write_cc1101_config_sleep	8	static
../Core/Src/CC1101_E07_M1101D_SMA.c:61:6:write_tx_cc1101_config	8	static
../Core/Src/CC1101_E07_M1101D_SMA.c:94:6:write_rx_cc1101_config	8	static
../Core/Src/CC1101_E07_M1101D_SMA.c:34:6:cc1101_init	8	static
../Core/Src/CC1101_E07_M1101D_SMA.c:360:6:read_burst_byte	144	static
../Core/Src/CC1101_E07_M1101D_SMA.c:230:9:receive_burst_byte_433	104	static
../Core/Src/CC1101_E07_M1101D_SMA.c:413:6:write_burst_byte	152	static
../Core/Src/CC1101_E07_M1101D_SMA.c:170:9:transmit_burst_byte_433	136	static
../Core/Src/CC1101_E07_M1101D_SMA.c:479:6:hal_errorCode	64	static
