../Core/Src/CC1101_E07_M1101D_SMA.c:3:6:SPI_CS_WRITE	16	static
../Core/Src/CC1101_E07_M1101D_SMA.c:15:6:manual_POR	24	static
../Core/Src/CC1101_E07_M1101D_SMA.c:34:6:cc1101_init	16	static
../Core/Src/CC1101_E07_M1101D_SMA.c:50:6:write_cc1101_config_sleep	8	static
../Core/Src/CC1101_E07_M1101D_SMA.c:61:6:write_tx_cc1101_config	8	static
../Core/Src/CC1101_E07_M1101D_SMA.c:94:6:write_rx_cc1101_config	8	static
../Core/Src/CC1101_E07_M1101D_SMA.c:127:9:command_strobe	32	static
../Core/Src/CC1101_E07_M1101D_SMA.c:143:9:read_status_reg	32	static
../Core/Src/CC1101_E07_M1101D_SMA.c:171:9:transmit_burst_byte_433	128	static
../Core/Src/CC1101_E07_M1101D_SMA.c:229:9:receive_burst_byte_433	80	static
../Core/Src/CC1101_E07_M1101D_SMA.c:320:9:read_single_byte	32	static
../Core/Src/CC1101_E07_M1101D_SMA.c:339:9:write_single_byte	32	static
../Core/Src/CC1101_E07_M1101D_SMA.c:359:6:read_burst_byte	152	static
../Core/Src/CC1101_E07_M1101D_SMA.c:412:6:write_burst_byte	152	static
../Core/Src/CC1101_E07_M1101D_SMA.c:457:6:hal_status	72	static
../Core/Src/CC1101_E07_M1101D_SMA.c:478:6:hal_errorCode	72	static
