../Core/Src/CC1101_E07_M1101D_SMA.c:3:6:SPI_CS_WRITE	16	static
../Core/Src/CC1101_E07_M1101D_SMA.c:15:6:manual_POR	24	static
../Core/Src/CC1101_E07_M1101D_SMA.c:34:6:cc1101_init	8	static
../Core/Src/CC1101_E07_M1101D_SMA.c:43:6:write_cc1101_config_sleep	8	static
../Core/Src/CC1101_E07_M1101D_SMA.c:54:6:write_cc1101_config	8	static
../Core/Src/CC1101_E07_M1101D_SMA.c:84:9:command_strobe	48	static
../Core/Src/CC1101_E07_M1101D_SMA.c:116:9:read_status_reg	32	static
../Core/Src/CC1101_E07_M1101D_SMA.c:138:9:transmit_burst_byte_433	72	static
../Core/Src/CC1101_E07_M1101D_SMA.c:169:9:read_single_byte	32	static
../Core/Src/CC1101_E07_M1101D_SMA.c:185:9:write_single_byte	32	static
../Core/Src/CC1101_E07_M1101D_SMA.c:201:6:read_burst_byte	40	static
../Core/Src/CC1101_E07_M1101D_SMA.c:233:6:write_burst_byte	40	static
