Archive member included to satisfy reference by file (symbol)

C:/ST/STM32CubeIDE_1.13.0/STM32CubeIDE/plugins/com.st.stm32cube.ide.mcu.externaltools.gnu-tools-for-stm32.11.3.rel1.win32_1.1.0.202305231506/tools/bin/../lib/gcc/arm-none-eabi/11.3.1/../../../../arm-none-eabi/lib/thumb/v7e-m+fp/hard\libc_nano.a(libc_a-exit.o)
                              C:/ST/STM32CubeIDE_1.13.0/STM32CubeIDE/plugins/com.st.stm32cube.ide.mcu.externaltools.gnu-tools-for-stm32.11.3.rel1.win32_1.1.0.202305231506/tools/bin/../lib/gcc/arm-none-eabi/11.3.1/../../../../arm-none-eabi/lib/thumb/v7e-m+fp/hard/crt0.o (exit)
C:/ST/STM32CubeIDE_1.13.0/STM32CubeIDE/plugins/com.st.stm32cube.ide.mcu.externaltools.gnu-tools-for-stm32.11.3.rel1.win32_1.1.0.202305231506/tools/bin/../lib/gcc/arm-none-eabi/11.3.1/../../../../arm-none-eabi/lib/thumb/v7e-m+fp/hard\libc_nano.a(libc_a-findfp.o)
                              C:/ST/STM32CubeIDE_1.13.0/STM32CubeIDE/plugins/com.st.stm32cube.ide.mcu.externaltools.gnu-tools-for-stm32.11.3.rel1.win32_1.1.0.202305231506/tools/bin/../lib/gcc/arm-none-eabi/11.3.1/../../../../arm-none-eabi/lib/thumb/v7e-m+fp/hard\libc_nano.a(libc_a-exit.o) (__stdio_exit_handler)
C:/ST/STM32CubeIDE_1.13.0/STM32CubeIDE/plugins/com.st.stm32cube.ide.mcu.externaltools.gnu-tools-for-stm32.11.3.rel1.win32_1.1.0.202305231506/tools/bin/../lib/gcc/arm-none-eabi/11.3.1/../../../../arm-none-eabi/lib/thumb/v7e-m+fp/hard\libc_nano.a(libc_a-fwalk.o)
                              C:/ST/STM32CubeIDE_1.13.0/STM32CubeIDE/plugins/com.st.stm32cube.ide.mcu.externaltools.gnu-tools-for-stm32.11.3.rel1.win32_1.1.0.202305231506/tools/bin/../lib/gcc/arm-none-eabi/11.3.1/../../../../arm-none-eabi/lib/thumb/v7e-m+fp/hard\libc_nano.a(libc_a-findfp.o) (_fwalk_sglue)
C:/ST/STM32CubeIDE_1.13.0/STM32CubeIDE/plugins/com.st.stm32cube.ide.mcu.externaltools.gnu-tools-for-stm32.11.3.rel1.win32_1.1.0.202305231506/tools/bin/../lib/gcc/arm-none-eabi/11.3.1/../../../../arm-none-eabi/lib/thumb/v7e-m+fp/hard\libc_nano.a(libc_a-sprintf.o)
                              ./Middlewares/Third_Party/FreeRTOS/Source/tasks.o (sprintf)
C:/ST/STM32CubeIDE_1.13.0/STM32CubeIDE/plugins/com.st.stm32cube.ide.mcu.externaltools.gnu-tools-for-stm32.11.3.rel1.win32_1.1.0.202305231506/tools/bin/../lib/gcc/arm-none-eabi/11.3.1/../../../../arm-none-eabi/lib/thumb/v7e-m+fp/hard\libc_nano.a(libc_a-stdio.o)
                              C:/ST/STM32CubeIDE_1.13.0/STM32CubeIDE/plugins/com.st.stm32cube.ide.mcu.externaltools.gnu-tools-for-stm32.11.3.rel1.win32_1.1.0.202305231506/tools/bin/../lib/gcc/arm-none-eabi/11.3.1/../../../../arm-none-eabi/lib/thumb/v7e-m+fp/hard\libc_nano.a(libc_a-findfp.o) (__sread)
C:/ST/STM32CubeIDE_1.13.0/STM32CubeIDE/plugins/com.st.stm32cube.ide.mcu.externaltools.gnu-tools-for-stm32.11.3.rel1.win32_1.1.0.202305231506/tools/bin/../lib/gcc/arm-none-eabi/11.3.1/../../../../arm-none-eabi/lib/thumb/v7e-m+fp/hard\libc_nano.a(libc_a-memset.o)
                              C:/ST/STM32CubeIDE_1.13.0/STM32CubeIDE/plugins/com.st.stm32cube.ide.mcu.externaltools.gnu-tools-for-stm32.11.3.rel1.win32_1.1.0.202305231506/tools/bin/../lib/gcc/arm-none-eabi/11.3.1/../../../../arm-none-eabi/lib/thumb/v7e-m+fp/hard/crt0.o (memset)
C:/ST/STM32CubeIDE_1.13.0/STM32CubeIDE/plugins/com.st.stm32cube.ide.mcu.externaltools.gnu-tools-for-stm32.11.3.rel1.win32_1.1.0.202305231506/tools/bin/../lib/gcc/arm-none-eabi/11.3.1/../../../../arm-none-eabi/lib/thumb/v7e-m+fp/hard\libc_nano.a(libc_a-closer.o)
                              C:/ST/STM32CubeIDE_1.13.0/STM32CubeIDE/plugins/com.st.stm32cube.ide.mcu.externaltools.gnu-tools-for-stm32.11.3.rel1.win32_1.1.0.202305231506/tools/bin/../lib/gcc/arm-none-eabi/11.3.1/../../../../arm-none-eabi/lib/thumb/v7e-m+fp/hard\libc_nano.a(libc_a-stdio.o) (_close_r)
C:/ST/STM32CubeIDE_1.13.0/STM32CubeIDE/plugins/com.st.stm32cube.ide.mcu.externaltools.gnu-tools-for-stm32.11.3.rel1.win32_1.1.0.202305231506/tools/bin/../lib/gcc/arm-none-eabi/11.3.1/../../../../arm-none-eabi/lib/thumb/v7e-m+fp/hard\libc_nano.a(libc_a-reent.o)
                              C:/ST/STM32CubeIDE_1.13.0/STM32CubeIDE/plugins/com.st.stm32cube.ide.mcu.externaltools.gnu-tools-for-stm32.11.3.rel1.win32_1.1.0.202305231506/tools/bin/../lib/gcc/arm-none-eabi/11.3.1/../../../../arm-none-eabi/lib/thumb/v7e-m+fp/hard\libc_nano.a(libc_a-closer.o) (errno)
C:/ST/STM32CubeIDE_1.13.0/STM32CubeIDE/plugins/com.st.stm32cube.ide.mcu.externaltools.gnu-tools-for-stm32.11.3.rel1.win32_1.1.0.202305231506/tools/bin/../lib/gcc/arm-none-eabi/11.3.1/../../../../arm-none-eabi/lib/thumb/v7e-m+fp/hard\libc_nano.a(libc_a-impure.o)
                              C:/ST/STM32CubeIDE_1.13.0/STM32CubeIDE/plugins/com.st.stm32cube.ide.mcu.externaltools.gnu-tools-for-stm32.11.3.rel1.win32_1.1.0.202305231506/tools/bin/../lib/gcc/arm-none-eabi/11.3.1/../../../../arm-none-eabi/lib/thumb/v7e-m+fp/hard\libc_nano.a(libc_a-sprintf.o) (_impure_ptr)
[...]
Memory Configuration

Name             Origin             Length             Attributes
RAM              0x0000000020000000 0x0000000000020000 xrw
FLASH            0x0000000008000000 0x0000000000080000 xr
*default*        0x0000000000000000 0xffffffffffffffff

Linker script and memory map

LOAD C:/ST/STM32CubeIDE_1.13.0/STM32CubeIDE/plugins/com.st.stm32cube.ide.mcu.externaltools.gnu-tools-for-stm32.11.3.rel1.win32_1.1.0.202305231506/tools/bin/../lib/gcc/arm-none-eabi/11.3.1/thumb/v7e-m+fp/hard/crti.o
LOAD C:/ST/STM32CubeIDE_1.13.0/STM32CubeIDE/plugins/com.st.stm32cube.ide.mcu.externaltools.gnu-tools-for-stm32.11.3.rel1.win32_1.1.0.202305231506/tools/bin/../lib/gcc/arm-none-eabi/11.3.1/thumb/v7e-m+fp/hard/crtbegin.o
LOAD C:/ST/STM32CubeIDE_1.13.0/STM32CubeIDE/plugins/com.st.stm32cube.ide.mcu.externaltools.gnu-tools-for-stm32.11.3.rel1.win32_1.1.0.202305231506/tools/bin/../lib/gcc/arm-none-eabi/11.3.1/../../../../arm-none-eabi/lib/thumb/v7e-m+fp/hard/crt0.o
LOAD ./Core/Src/CC1101_E07_M1101D_SMA.o
LOAD ./Core/Src/LCD1602.o
LOAD ./Core/Src/freertos.o
LOAD ./Core/Src/gpio.o
LOAD ./Core/Src/i2c.o
LOAD ./Core/Src/main.o
LOAD ./Core/Src/spi.o
LOAD ./Core/Src/stm32f4xx_hal_msp.o
LOAD ./Core/Src/stm32f4xx_hal_timebase_tim.o
LOAD ./Core/Src/stm32f4xx_it.o
LOAD ./Core/Src/syscalls.o
LOAD ./Core/Src/sysmem.o
LOAD ./Core/Src/system_stm32f4xx.o
LOAD ./Core/Src/tim.o
LOAD ./Core/Src/usart.o
LOAD ./Core/Startup/startup_stm32f446retx.o
LOAD ./Drivers/STM32F4xx_HAL_Driver/Src/stm32f4xx_hal.o
LOAD ./Drivers/STM32F4xx_HAL_Driver/Src/stm32f4xx_hal_cortex.o
LOAD ./Drivers/STM32F4xx_HAL_Driver/Src/stm32f4xx_hal_dma.o
LOAD ./Drivers/STM32F4xx_HAL_Driver/Src/stm32f4xx_hal_dma_ex.o
LOAD ./Drivers/STM32F4xx_HAL_Driver/Src/stm32f4xx_hal_exti.o
LOAD ./Drivers/STM32F4xx_HAL_Driver/Src/stm32f4xx_hal_flash.o
LOAD ./Drivers/STM32F4xx_HAL_Driver/Src/stm32f4xx_hal_flash_ex.o
LOAD ./Drivers/STM32F4xx_HAL_Driver/Src/stm32f4xx_hal_flash_ramfunc.o
LOAD ./Drivers/STM32F4xx_HAL_Driver/Src/stm32f4xx_hal_gpio.o
LOAD ./Drivers/STM32F4xx_HAL_Driver/Src/stm32f4xx_hal_i2c.o
LOAD ./Drivers/STM32F4xx_HAL_Driver/Src/stm32f4xx_hal_i2c_ex.o
LOAD ./Drivers/STM32F4xx_HAL_Driver/Src/stm32f4xx_hal_pwr.o
LOAD ./Drivers/STM32F4xx_HAL_Driver/Src/stm32f4xx_hal_pwr_ex.o
LOAD ./Drivers/STM32F4xx_HAL_Driver/Src/stm32f4xx_hal_rcc.o
LOAD ./Drivers/STM32F4xx_HAL_Driver/Src/stm32f4xx_hal_rcc_ex.o
LOAD ./Drivers/STM32F4xx_HAL_Driver/Src/stm32f4xx_hal_spi.o
LOAD ./Drivers/STM32F4xx_HAL_Driver/Src/stm32f4xx_hal_tim.o
LOAD ./Drivers/STM32F4xx_HAL_Driver/Src/stm32f4xx_hal_tim_ex.o
LOAD ./Drivers/STM32F4xx_HAL_Driver/Src/stm32f4xx_hal_uart.o
LOAD ./Middlewares/Third_Party/FreeRTOS/Source/CMSIS_RTOS_V2/cmsis_os2.o
LOAD ./Middlewares/Third_Party/FreeRTOS/Source/croutine.o
LOAD ./Middlewares/Third_Party/FreeRTOS/Source/event_groups.o
LOAD ./Middlewares/Third_Party/FreeRTOS/Source/list.o
LOAD ./Middlewares/Third_Party/FreeRTOS/Source/queue.o
LOAD ./Middlewares/Third_Party/FreeRTOS/Source/stream_buffer.o
LOAD ./Middlewares/Third_Party/FreeRTOS/Source/tasks.o
LOAD ./Middlewares/Third_Party/FreeRTOS/Source/timers.o
LOAD ./Middlewares/Third_Party/FreeRTOS/Source/portable/GCC/ARM_CM4F/port.o
LOAD ./Middlewares/Third_Party/FreeRTOS/Source/portable/MemMang/heap_4.o
START GROUP
LOAD C:/ST/STM32CubeIDE_1.13.0/STM32CubeIDE/plugins/com.st.stm32cube.ide.mcu.externaltools.gnu-tools-for-stm32.11.3.rel1.win32_1.1.0.202305231506/tools/bin/../lib/gcc/arm-none-eabi/11.3.1/../../../../arm-none-eabi/lib/thumb/v7e-m+fp/hard\libc_nano.a
LOAD C:/ST/STM32CubeIDE_1.13.0/STM32CubeIDE/plugins/com.st.stm32cube.ide.mcu.externaltools.gnu-tools-for-stm32.11.3.rel1.win32_1.1.0.202305231506/tools/bin/../lib/gcc/arm-none-eabi/11.3.1/../../../../arm-none-eabi/lib/thumb/v7e-m+fp/hard\libm.a
END GROUP
START GROUP
LOAD C:/ST/STM32CubeIDE_1.13.0/STM32CubeIDE/plugins/com.st.stm32cube.ide.mcu.externaltools.gnu-tools-for-stm32.11.3.rel1.win32_1.1.0.202305231506/tools/bin/../lib/gcc/arm-none-eabi/11.3.1/thumb/v7e-m+fp/hard\libgcc.a
LOAD C:/ST/STM32CubeIDE_1.13.0/STM32CubeIDE/plugins/com.st.stm32cube.ide.mcu.externaltools.gnu-tools-for-stm32.11.3.rel1.win32_1.1.0.202305231506/tools/bin/../lib/gcc/arm-none-eabi/11.3.1/../../../../arm-none-eabi/lib/thumb/v7e-m+fp/hard\libc_nano.a
END GROUP
START GROUP
LOAD C:/ST/STM32CubeIDE_1.13.0/STM32CubeIDE/plugins/com.st.stm32cube.ide.mcu.externaltools.gnu-tools-for-stm32.11.3.rel1.win32_1.1.0.202305231506/tools/bin/../lib/gcc/arm-none-eabi/11.3.1/thumb/v7e-m+fp/hard\libgcc.a
LOAD C:/ST/STM32CubeIDE_1.13.0/STM32CubeIDE/plugins/com.st.stm32cube.ide.mcu.externaltools.gnu-tools-for-stm32.11.3.rel1.win32_1.1.0.202305231506/tools/bin/../lib/gcc/arm-none-eabi/11.3.1/../../../../arm-none-eabi/lib/thumb/v7e-m+fp/hard\libc_nano.a
LOAD C:/ST/STM32CubeIDE_1.13.0/STM32CubeIDE/plugins/com.st.stm32cube.ide.mcu.externaltools.gnu-tools-for-stm32.11.3.rel1.win32_1.1.0.202305231506/tools/bin/../lib/gcc/arm-none-eabi/11.3.1/../../../../arm-none-eabi/lib/thumb/v7e-m+fp/hard\libnosys.a
END GROUP
START GROUP
LOAD C:/ST/STM32CubeIDE_1.13.0/STM32CubeIDE/plugins/com.st.stm32cube.ide.mcu.externaltools.gnu-tools-for-stm32.11.3.rel1.win32_1.1.0.202305231506/tools/bin/../lib/gcc/arm-none-eabi/11.3.1/thumb/v7e-m+fp/hard\libgcc.a
LOAD C:/ST/STM32CubeIDE_1.13.0/STM32CubeIDE/plugins/com.st.stm32cube.ide.mcu.externaltools.gnu-tools-for-stm32.11.3.rel1.win32_1.1.0.202305231506/tools/bin/../lib/gcc/arm-none-eabi/11.3.1/../../../../arm-none-eabi/lib/thumb/v7e-m+fp/hard\libc_nano.a
LOAD C:/ST/STM32CubeIDE_1.13.0/STM32CubeIDE/plugins/com.st.stm32cube.ide.mcu.externaltools.gnu-tools-for-stm32.11.3.rel1.win32_1.1.0.202305231506/tools/bin/../lib/gcc/arm-none-eabi/11.3.1/../../../../arm-none-eabi/lib/thumb/v7e-m+fp/hard\libnosys.a
END GROUP
LOAD C:/ST/STM32CubeIDE_1.13.0/STM32CubeIDE/plugins/com.st.stm32cube.ide.mcu.externaltools.gnu-tools-for-stm32.11.3.rel1.win32_1.1.0.202305231506/tools/bin/../lib/gcc/arm-none-eabi/11.3.1/thumb/v7e-m+fp/hard/crtend.o
LOAD C:/ST/STM32CubeIDE_1.13.0/STM32CubeIDE/plugins/com.st.stm32cube.ide.mcu.externaltools.gnu-tools-for-stm32.11.3.rel1.win32_1.1.0.202305231506/tools/bin/../lib/gcc/arm-none-eabi/11.3.1/thumb/v7e-m+fp/hard/crtn.o
                0x0000000020020000                _estack = (ORIGIN (RAM) + LENGTH (RAM))
                0x0000000000000200                _Min_Heap_Size = 0x200
                0x0000000000000400                _Min_Stack_Size = 0x400

.isr_vector     0x0000000008000000      0x1c4
                0x0000000008000000                . = ALIGN (0x4)
 *(.isr_vector)
 .isr_vector    0x0000000008000000      0x1c4 ./Core/Startup/startup_stm32f446retx.o
                0x0000000008000000                g_pfnVectors
                0x00000000080001c4                . = ALIGN (0x4)

.text           0x00000000080001d0     0x4ce0
                0x00000000080001d0                . = ALIGN (0x4)
 *(.text)
 .text          0x00000000080001d0       0x40 C:/ST/STM32CubeIDE_1.13.0/STM32CubeIDE/plugins/com.st.stm32cube.ide.mcu.externaltools.gnu-tools-for-stm32.11.3.rel1.win32_1.1.0.202305231506/tools/bin/../lib/gcc/arm-none-eabi/11.3.1/thumb/v7e-m+fp/hard/crtbegin.o
 .text          0x0000000008000210       0x30 C:/ST/STM32CubeIDE_1.13.0/STM32CubeIDE/plugins/com.st.stm32cube.ide.mcu.externaltools.gnu-tools-for-stm32.11.3.rel1.win32_1.1.0.202305231506/tools/bin/../lib/gcc/arm-none-eabi/11.3.1/thumb/v7e-m+fp/hard\libgcc.a(_aeabi_uldivmod.o)
                0x0000000008000210                __aeabi_uldivmod
 .text          0x0000000008000240      0x2c8 C:/ST/STM32CubeIDE_1.13.0/STM32CubeIDE/plugins/com.st.stm32cube.ide.mcu.externaltools.gnu-tools-for-stm32.11.3.rel1.win32_1.1.0.202305231506/tools/bin/../lib/gcc/arm-none-eabi/11.3.1/thumb/v7e-m+fp/hard\libgcc.a(_udivmoddi4.o)
                0x0000000008000240                __udivmoddi4
 .text          0x0000000008000508        0x4 C:/ST/STM32CubeIDE_1.13.0/STM32CubeIDE/plugins/com.st.stm32cube.ide.mcu.externaltools.gnu-tools-for-stm32.11.3.rel1.win32_1.1.0.202305231506/tools/bin/../lib/gcc/arm-none-eabi/11.3.1/thumb/v7e-m+fp/hard\libgcc.a(_dvmd_tls.o)
                0x0000000008000508                __aeabi_idiv0
                0x0000000008000508                __aeabi_ldiv0
 *(.text*)
 .text.SPI_CS_WRITE.part.0
                0x000000000800050c       0x10 ./Core/Src/CC1101_E07_M1101D_SMA.o
 .text.SPI_CS_WRITE
                0x000000000800051c       0x14 ./Core/Src/CC1101_E07_M1101D_SMA.o
                0x000000000800051c                SPI_CS_WRITE
 .text.command_strobe
                0x0000000008000530       0x54 ./Core/Src/CC1101_E07_M1101D_SMA.o
                0x0000000008000530                command_strobe
 .text.manual_POR
                0x0000000008000584       0x40 ./Core/Src/CC1101_E07_M1101D_SMA.o
                0x0000000008000584                manual_POR
 .text.read_status_reg
                0x00000000080005c4       0x7c ./Core/Src/CC1101_E07_M1101D_SMA.o
                0x00000000080005c4                read_status_reg
 .text.write_single_byte
                0x0000000008000640       0x60 ./Core/Src/CC1101_E07_M1101D_SMA.o
                0x0000000008000640                write_single_byte
 .text.write_tx_cc1101_config
                0x00000000080006a0       0xce ./Core/Src/CC1101_E07_M1101D_SMA.o
                0x00000000080006a0                write_tx_cc1101_config
 .text.write_rx_cc1101_config
                0x000000000800076e       0xe6 ./Core/Src/CC1101_E07_M1101D_SMA.o
                0x000000000800076e                write_rx_cc1101_config
 .text.cc1101_init
                0x0000000008000854       0x1e ./Core/Src/CC1101_E07_M1101D_SMA.o
                0x0000000008000854                cc1101_init
 *fill*         0x0000000008000872        0x2 
 .text.read_burst_byte
                0x0000000008000874       0xa4 ./Core/Src/CC1101_E07_M1101D_SMA.o
                0x0000000008000874                read_burst_byte
 .text.receive_burst_byte_433
                0x0000000008000918       0x9c ./Core/Src/CC1101_E07_M1101D_SMA.o
                0x0000000008000918                receive_burst_byte_433
 .text.writeExpander
                0x00000000080009b4       0x2c ./Core/Src/LCD1602.o
 .text.write4bits
                0x00000000080009e0       0x28 ./Core/Src/LCD1602.o
 .text.send     0x0000000008000a08       0x2a ./Core/Src/LCD1602.o
 .text.sendCMD  0x0000000008000a32        0x6 ./Core/Src/LCD1602.o
 .text.LCD1602_Clear
                0x0000000008000a38       0x14 ./Core/Src/LCD1602.o
                0x0000000008000a38                LCD1602_Clear
 .text.LCD1602_Home
                0x0000000008000a4c       0x14 ./Core/Src/LCD1602.o
                0x0000000008000a4c                LCD1602_Home
 .text.LCD1602_SetCursor
                0x0000000008000a60       0x30 ./Core/Src/LCD1602.o
                0x0000000008000a60                LCD1602_SetCursor
 .text.LCD1602_NoDisplay
                0x0000000008000a90       0x10 ./Core/Src/LCD1602.o
                0x0000000008000a90                LCD1602_NoDisplay
 .text.LCD1602_Display
                0x0000000008000aa0       0x18 ./Core/Src/LCD1602.o
                0x0000000008000aa0                LCD1602_Display
 .text.LCD1602_Cursor
                0x0000000008000ab8       0x18 ./Core/Src/LCD1602.o
                0x0000000008000ab8                LCD1602_Cursor
 .text.LCD1602_CreateSpecialChar
                0x0000000008000ad0       0x26 ./Core/Src/LCD1602.o
                0x0000000008000ad0                LCD1602_CreateSpecialChar
 *fill*         0x0000000008000af6        0x2 
 .text.LCD1602_Init
                0x0000000008000af8       0xbc ./Core/Src/LCD1602.o
                0x0000000008000af8                LCD1602_Init
 .text.LCD1602_Backlight
                0x0000000008000bb4       0x10 ./Core/Src/LCD1602.o
                0x0000000008000bb4                LCD1602_Backlight
 .text.LCD1602_NoBacklight
                0x0000000008000bc4       0x10 ./Core/Src/LCD1602.o
                0x0000000008000bc4                LCD1602_NoBacklight
 .text.LCD1602_PrintStr
                0x0000000008000bd4       0x18 ./Core/Src/LCD1602.o
                0x0000000008000bd4                LCD1602_PrintStr
 .text.StartCC1101
                0x0000000008000bec       0x84 ./Core/Src/freertos.o
                0x0000000008000bec                StartCC1101
 .text.StartLCD
                0x0000000008000c70       0x50 ./Core/Src/freertos.o
                0x0000000008000c70                StartLCD
 .text.StartBUZZER
                0x0000000008000cc0       0x88 ./Core/Src/freertos.o
                0x0000000008000cc0                StartBUZZER
 .text.configureTimerForRunTimeStats
                0x0000000008000d48       0x28 ./Core/Src/freertos.o
                0x0000000008000d48                configureTimerForRunTimeStats
 .text.getRunTimeCounterValue
                0x0000000008000d70        0xc ./Core/Src/freertos.o
                0x0000000008000d70                getRunTimeCounterValue
 .text.vApplicationStackOverflowHook
                0x0000000008000d7c        0x2 ./Core/Src/freertos.o
                0x0000000008000d7c                vApplicationStackOverflowHook
 *fill*         0x0000000008000d7e        0x2 
 .text.MX_FREERTOS_Init
                0x0000000008000d80       0x90 ./Core/Src/freertos.o
                0x0000000008000d80                MX_FREERTOS_Init
 .text.MX_GPIO_Init
                0x0000000008000e10       0xe0 ./Core/Src/gpio.o
                0x0000000008000e10                MX_GPIO_Init
 .text.MX_I2C2_Init
                0x0000000008000ef0       0x3c ./Core/Src/i2c.o
                0x0000000008000ef0                MX_I2C2_Init
 .text.HAL_I2C_MspInit
                0x0000000008000f2c       0xa8 ./Core/Src/i2c.o
                0x0000000008000f2c                HAL_I2C_MspInit
 .text.SystemClock_Config
                0x0000000008000fd4       0xa0 ./Core/Src/main.o
                0x0000000008000fd4                SystemClock_Config
 .text.startup.main
                0x0000000008001074       0x74 ./Core/Src/main.o
                0x0000000008001074                main
 .text.HAL_TIM_PeriodElapsedCallback
                0x00000000080010e8       0x14 ./Core/Src/main.o
                0x00000000080010e8                HAL_TIM_PeriodElapsedCallback
 .text.Error_Handler
                0x00000000080010fc        0x4 ./Core/Src/main.o
                0x00000000080010fc                Error_Handler
 .text.MX_SPI2_Init
                0x0000000008001100       0x44 ./Core/Src/spi.o
                0x0000000008001100                MX_SPI2_Init
 .text.HAL_SPI_MspInit
                0x0000000008001144       0xac ./Core/Src/spi.o
                0x0000000008001144                HAL_SPI_MspInit
 .text.HAL_MspInit
                0x00000000080011f0       0x40 ./Core/Src/stm32f4xx_hal_msp.o
                0x00000000080011f0                HAL_MspInit
 .text.HAL_InitTick
                0x0000000008001230       0xa0 ./Core/Src/stm32f4xx_hal_timebase_tim.o
                0x0000000008001230                HAL_InitTick
 .text.NMI_Handler
                0x00000000080012d0        0x2 ./Core/Src/stm32f4xx_it.o
                0x00000000080012d0                NMI_Handler
 .text.HardFault_Handler
                0x00000000080012d2        0x2 ./Core/Src/stm32f4xx_it.o
                0x00000000080012d2                HardFault_Handler
 .text.MemManage_Handler
                0x00000000080012d4        0x2 ./Core/Src/stm32f4xx_it.o
                0x00000000080012d4                MemManage_Handler
 .text.BusFault_Handler
                0x00000000080012d6        0x2 ./Core/Src/stm32f4xx_it.o
                0x00000000080012d6                BusFault_Handler
 .text.UsageFault_Handler
                0x00000000080012d8        0x2 ./Core/Src/stm32f4xx_it.o
                0x00000000080012d8                UsageFault_Handler
 .text.DebugMon_Handler
                0x00000000080012da        0x2 ./Core/Src/stm32f4xx_it.o
                0x00000000080012da                DebugMon_Handler
 .text.TIM6_DAC_IRQHandler
                0x00000000080012dc        0xc ./Core/Src/stm32f4xx_it.o
                0x00000000080012dc                TIM6_DAC_IRQHandler
 .text.SystemInit
                0x00000000080012e8       0x14 ./Core/Src/system_stm32f4xx.o
                0x00000000080012e8                SystemInit
 .text.MX_TIM1_Init
                0x00000000080012fc       0x68 ./Core/Src/tim.o
                0x00000000080012fc                MX_TIM1_Init
 .text.MX_TIM2_Init
                0x0000000008001364       0x68 ./Core/Src/tim.o
                0x0000000008001364                MX_TIM2_Init
 .text.HAL_TIM_Base_MspInit
                0x00000000080013cc       0x50 ./Core/Src/tim.o
                0x00000000080013cc                HAL_TIM_Base_MspInit
 .text.delay_6_25ns
                0x000000000800141c       0x14 ./Core/Src/tim.o
                0x000000000800141c                delay_6_25ns
 .text.delay_us
                0x0000000008001430       0x18 ./Core/Src/tim.o
                0x0000000008001430                delay_us
 .text.MX_USART2_UART_Init
                0x0000000008001448       0x38 ./Core/Src/usart.o
                0x0000000008001448                MX_USART2_UART_Init
 .text.HAL_UART_MspInit
                0x0000000008001480       0x6c ./Core/Src/usart.o
                0x0000000008001480                HAL_UART_MspInit
 .text.Reset_Handler
                0x00000000080014ec       0x50 ./Core/Startup/startup_stm32f446retx.o
                0x00000000080014ec                Reset_Handler
 .text.Default_Handler
                0x000000000800153c        0x2 ./Core/Startup/startup_stm32f446retx.o
                0x000000000800153c                RTC_Alarm_IRQHandler
                0x000000000800153c                EXTI2_IRQHandler
                0x000000000800153c                TIM8_CC_IRQHandler
                0x000000000800153c                FMPI2C1_EV_IRQHandler
                0x000000000800153c                SPI4_IRQHandler
                0x000000000800153c                TIM1_CC_IRQHandler
                0x000000000800153c                DMA2_Stream5_IRQHandler
                0x000000000800153c                DMA1_Stream5_IRQHandler
                0x000000000800153c                PVD_IRQHandler
                0x000000000800153c                SDIO_IRQHandler
                0x000000000800153c                TAMP_STAMP_IRQHandler
                0x000000000800153c                CAN2_RX1_IRQHandler
                0x000000000800153c                EXTI3_IRQHandler
                0x000000000800153c                TIM8_TRG_COM_TIM14_IRQHandler
                0x000000000800153c                TIM1_UP_TIM10_IRQHandler
                0x000000000800153c                TIM8_UP_TIM13_IRQHandler
                0x000000000800153c                I2C3_ER_IRQHandler
                0x000000000800153c                EXTI0_IRQHandler
                0x000000000800153c                I2C2_EV_IRQHandler
                0x000000000800153c                DMA1_Stream2_IRQHandler
                0x000000000800153c                CAN1_RX0_IRQHandler
                0x000000000800153c                FPU_IRQHandler
                0x000000000800153c                OTG_HS_WKUP_IRQHandler
                0x000000000800153c                CAN2_SCE_IRQHandler
                0x000000000800153c                DMA2_Stream2_IRQHandler
                0x000000000800153c                SPI1_IRQHandler
                0x000000000800153c                TIM1_BRK_TIM9_IRQHandler
                0x000000000800153c                DCMI_IRQHandler
                0x000000000800153c                CAN2_RX0_IRQHandler
                0x000000000800153c                DMA2_Stream3_IRQHandler
                0x000000000800153c                SAI2_IRQHandler
                0x000000000800153c                USART6_IRQHandler
                0x000000000800153c                USART3_IRQHandler
                0x000000000800153c                CAN1_RX1_IRQHandler
                0x000000000800153c                UART5_IRQHandler
                0x000000000800153c                DMA2_Stream0_IRQHandler
                0x000000000800153c                TIM4_IRQHandler
                0x000000000800153c                QUADSPI_IRQHandler
                0x000000000800153c                I2C1_EV_IRQHandler
                0x000000000800153c                DMA1_Stream6_IRQHandler
                0x000000000800153c                DMA1_Stream1_IRQHandler
                0x000000000800153c                UART4_IRQHandler
                0x000000000800153c                TIM3_IRQHandler
                0x000000000800153c                RCC_IRQHandler
                0x000000000800153c                TIM8_BRK_TIM12_IRQHandler
                0x000000000800153c                Default_Handler
                0x000000000800153c                CEC_IRQHandler
                0x000000000800153c                EXTI15_10_IRQHandler
                0x000000000800153c                ADC_IRQHandler
                0x000000000800153c                DMA1_Stream7_IRQHandler
                0x000000000800153c                TIM7_IRQHandler
                0x000000000800153c                CAN2_TX_IRQHandler
                0x000000000800153c                TIM5_IRQHandler
                0x000000000800153c                DMA2_Stream7_IRQHandler
                0x000000000800153c                I2C3_EV_IRQHandler
                0x000000000800153c                EXTI9_5_IRQHandler
                0x000000000800153c                RTC_WKUP_IRQHandler
                0x000000000800153c                SPDIF_RX_IRQHandler
                0x000000000800153c                SPI2_IRQHandler
                0x000000000800153c                OTG_HS_EP1_IN_IRQHandler
                0x000000000800153c                DMA1_Stream0_IRQHandler
                0x000000000800153c                CAN1_TX_IRQHandler
                0x000000000800153c                FMPI2C1_ER_IRQHandler
                0x000000000800153c                EXTI4_IRQHandler
                0x000000000800153c                OTG_HS_EP1_OUT_IRQHandler
                0x000000000800153c                WWDG_IRQHandler
                0x000000000800153c                TIM2_IRQHandler
                0x000000000800153c                OTG_FS_WKUP_IRQHandler
                0x000000000800153c                TIM1_TRG_COM_TIM11_IRQHandler
                0x000000000800153c                OTG_HS_IRQHandler
                0x000000000800153c                EXTI1_IRQHandler
                0x000000000800153c                USART2_IRQHandler
                0x000000000800153c                I2C2_ER_IRQHandler
                0x000000000800153c                DMA2_Stream1_IRQHandler
                0x000000000800153c                CAN1_SCE_IRQHandler
                0x000000000800153c                FLASH_IRQHandler
                0x000000000800153c                DMA2_Stream4_IRQHandler
                0x000000000800153c                USART1_IRQHandler
                0x000000000800153c                OTG_FS_IRQHandler
                0x000000000800153c                SPI3_IRQHandler
                0x000000000800153c                DMA1_Stream4_IRQHandler
                0x000000000800153c                I2C1_ER_IRQHandler
                0x000000000800153c                FMC_IRQHandler
                0x000000000800153c                DMA2_Stream6_IRQHandler
                0x000000000800153c                SAI1_IRQHandler
                0x000000000800153c                DMA1_Stream3_IRQHandler
 *fill*         0x000000000800153e        0x2 
 .text.HAL_Init
                0x0000000008001540       0x34 ./Drivers/STM32F4xx_HAL_Driver/Src/stm32f4xx_hal.o
                0x0000000008001540                HAL_Init
 .text.HAL_IncTick
                0x0000000008001574       0x18 ./Drivers/STM32F4xx_HAL_Driver/Src/stm32f4xx_hal.o
                0x0000000008001574                HAL_IncTick
 .text.HAL_GetTick
                0x000000000800158c        0xc ./Drivers/STM32F4xx_HAL_Driver/Src/stm32f4xx_hal.o
                0x000000000800158c                HAL_GetTick
 .text.HAL_Delay
                0x0000000008001598       0x28 ./Drivers/STM32F4xx_HAL_Driver/Src/stm32f4xx_hal.o
                0x0000000008001598                HAL_Delay
 .text.HAL_NVIC_SetPriorityGrouping
                0x00000000080015c0       0x24 ./Drivers/STM32F4xx_HAL_Driver/Src/stm32f4xx_hal_cortex.o
                0x00000000080015c0                HAL_NVIC_SetPriorityGrouping
 .text.HAL_NVIC_SetPriority
                0x00000000080015e4       0x64 ./Drivers/STM32F4xx_HAL_Driver/Src/stm32f4xx_hal_cortex.o
                0x00000000080015e4                HAL_NVIC_SetPriority
 .text.HAL_NVIC_EnableIRQ
                0x0000000008001648       0x1c ./Drivers/STM32F4xx_HAL_Driver/Src/stm32f4xx_hal_cortex.o
                0x0000000008001648                HAL_NVIC_EnableIRQ
 .text.HAL_GPIO_Init
                0x0000000008001664      0x1a8 ./Drivers/STM32F4xx_HAL_Driver/Src/stm32f4xx_hal_gpio.o
                0x0000000008001664                HAL_GPIO_Init
 .text.HAL_GPIO_ReadPin
                0x000000000800180c        0xc ./Drivers/STM32F4xx_HAL_Driver/Src/stm32f4xx_hal_gpio.o
                0x000000000800180c                HAL_GPIO_ReadPin
 .text.HAL_GPIO_WritePin
                0x0000000008001818        0xa ./Drivers/STM32F4xx_HAL_Driver/Src/stm32f4xx_hal_gpio.o
                0x0000000008001818                HAL_GPIO_WritePin
 .text.I2C_IsAcknowledgeFailed
                0x0000000008001822       0x34 ./Drivers/STM32F4xx_HAL_Driver/Src/stm32f4xx_hal_i2c.o
 .text.I2C_WaitOnFlagUntilTimeout
                0x0000000008001856       0x64 ./Drivers/STM32F4xx_HAL_Driver/Src/stm32f4xx_hal_i2c.o
 .text.I2C_WaitOnMasterAddressFlagUntilTimeout
                0x00000000080018ba       0x76 ./Drivers/STM32F4xx_HAL_Driver/Src/stm32f4xx_hal_i2c.o
 .text.I2C_WaitOnTXEFlagUntilTimeout
                0x0000000008001930       0x4c ./Drivers/STM32F4xx_HAL_Driver/Src/stm32f4xx_hal_i2c.o
 .text.I2C_WaitOnBTFFlagUntilTimeout
                0x000000000800197c       0x4c ./Drivers/STM32F4xx_HAL_Driver/Src/stm32f4xx_hal_i2c.o
 .text.HAL_I2C_Init
                0x00000000080019c8      0x150 ./Drivers/STM32F4xx_HAL_Driver/Src/stm32f4xx_hal_i2c.o
                0x00000000080019c8                HAL_I2C_Init
 .text.HAL_I2C_Master_Transmit
                0x0000000008001b18      0x1b0 ./Drivers/STM32F4xx_HAL_Driver/Src/stm32f4xx_hal_i2c.o
                0x0000000008001b18                HAL_I2C_Master_Transmit
 .text.HAL_RCC_ClockConfig
                0x0000000008001cc8      0x134 ./Drivers/STM32F4xx_HAL_Driver/Src/stm32f4xx_hal_rcc.o
                0x0000000008001cc8                HAL_RCC_ClockConfig
 .text.HAL_RCC_GetPCLK1Freq
                0x0000000008001dfc       0x20 ./Drivers/STM32F4xx_HAL_Driver/Src/stm32f4xx_hal_rcc.o
                0x0000000008001dfc                HAL_RCC_GetPCLK1Freq
 .text.HAL_RCC_GetPCLK2Freq
                0x0000000008001e1c       0x20 ./Drivers/STM32F4xx_HAL_Driver/Src/stm32f4xx_hal_rcc.o
                0x0000000008001e1c                HAL_RCC_GetPCLK2Freq
 .text.HAL_RCC_GetClockConfig
                0x0000000008001e3c       0x3c ./Drivers/STM32F4xx_HAL_Driver/Src/stm32f4xx_hal_rcc.o
                0x0000000008001e3c                HAL_RCC_GetClockConfig
 .text.HAL_RCC_GetSysClockFreq
                0x0000000008001e78       0x90 ./Drivers/STM32F4xx_HAL_Driver/Src/stm32f4xx_hal_rcc_ex.o
                0x0000000008001e78                HAL_RCC_GetSysClockFreq
 .text.HAL_RCC_OscConfig
                0x0000000008001f08      0x398 ./Drivers/STM32F4xx_HAL_Driver/Src/stm32f4xx_hal_rcc_ex.o
                0x0000000008001f08                HAL_RCC_OscConfig
 .text.SPI_WaitFlagStateUntilTimeout.constprop.0
                0x00000000080022a0       0xac ./Drivers/STM32F4xx_HAL_Driver/Src/stm32f4xx_hal_spi.o
 .text.SPI_EndRxTxTransaction
                0x000000000800234c       0x58 ./Drivers/STM32F4xx_HAL_Driver/Src/stm32f4xx_hal_spi.o
 .text.HAL_SPI_Init
                0x00000000080023a4       0xb8 ./Drivers/STM32F4xx_HAL_Driver/Src/stm32f4xx_hal_spi.o
                0x00000000080023a4                HAL_SPI_Init
 .text.HAL_SPI_TransmitReceive
                0x000000000800245c      0x1de ./Drivers/STM32F4xx_HAL_Driver/Src/stm32f4xx_hal_spi.o
                0x000000000800245c                HAL_SPI_TransmitReceive
 *fill*         0x000000000800263a        0x2 
 .text.HAL_TIM_Base_Start
                0x000000000800263c       0x6c ./Drivers/STM32F4xx_HAL_Driver/Src/stm32f4xx_hal_tim.o
                0x000000000800263c                HAL_TIM_Base_Start
 .text.HAL_TIM_Base_Start_IT
                0x00000000080026a8       0x74 ./Drivers/STM32F4xx_HAL_Driver/Src/stm32f4xx_hal_tim.o
                0x00000000080026a8                HAL_TIM_Base_Start_IT
 .text.HAL_TIM_OC_DelayElapsedCallback
                0x000000000800271c        0x2 ./Drivers/STM32F4xx_HAL_Driver/Src/stm32f4xx_hal_tim.o
                0x000000000800271c                HAL_TIM_OC_DelayElapsedCallback
 .text.HAL_TIM_IC_CaptureCallback
                0x000000000800271e        0x2 ./Drivers/STM32F4xx_HAL_Driver/Src/stm32f4xx_hal_tim.o
                0x000000000800271e                HAL_TIM_IC_CaptureCallback
 .text.HAL_TIM_PWM_PulseFinishedCallback
                0x0000000008002720        0x2 ./Drivers/STM32F4xx_HAL_Driver/Src/stm32f4xx_hal_tim.o
                0x0000000008002720                HAL_TIM_PWM_PulseFinishedCallback
 .text.HAL_TIM_TriggerCallback
                0x0000000008002722        0x2 ./Drivers/STM32F4xx_HAL_Driver/Src/stm32f4xx_hal_tim.o
                0x0000000008002722                HAL_TIM_TriggerCallback
 .text.HAL_TIM_IRQHandler
                0x0000000008002724      0x144 ./Drivers/STM32F4xx_HAL_Driver/Src/stm32f4xx_hal_tim.o
                0x0000000008002724                HAL_TIM_IRQHandler
 .text.TIM_Base_SetConfig
                0x0000000008002868       0xcc ./Drivers/STM32F4xx_HAL_Driver/Src/stm32f4xx_hal_tim.o
                0x0000000008002868                TIM_Base_SetConfig
 .text.HAL_TIM_Base_Init
                0x0000000008002934       0x58 ./Drivers/STM32F4xx_HAL_Driver/Src/stm32f4xx_hal_tim.o
                0x0000000008002934                HAL_TIM_Base_Init
 .text.TIM_ETR_SetConfig
                0x000000000800298c       0x14 ./Drivers/STM32F4xx_HAL_Driver/Src/stm32f4xx_hal_tim.o
                0x000000000800298c                TIM_ETR_SetConfig
 .text.HAL_TIM_ConfigClockSource
                0x00000000080029a0      0x132 ./Drivers/STM32F4xx_HAL_Driver/Src/stm32f4xx_hal_tim.o
                0x00000000080029a0                HAL_TIM_ConfigClockSource
 *fill*         0x0000000008002ad2        0x2 
 .text.HAL_TIMEx_MasterConfigSynchronization
                0x0000000008002ad4       0x7c ./Drivers/STM32F4xx_HAL_Driver/Src/stm32f4xx_hal_tim_ex.o
                0x0000000008002ad4                HAL_TIMEx_MasterConfigSynchronization
 .text.HAL_TIMEx_CommutCallback
                0x0000000008002b50        0x2 ./Drivers/STM32F4xx_HAL_Driver/Src/stm32f4xx_hal_tim_ex.o
                0x0000000008002b50                HAL_TIMEx_CommutCallback
 .text.HAL_TIMEx_BreakCallback
                0x0000000008002b52        0x2 ./Drivers/STM32F4xx_HAL_Driver/Src/stm32f4xx_hal_tim_ex.o
                0x0000000008002b52                HAL_TIMEx_BreakCallback
 .text.UART_SetConfig
                0x0000000008002b54       0xbc ./Drivers/STM32F4xx_HAL_Driver/Src/stm32f4xx_hal_uart.o
 .text.HAL_UART_Init
                0x0000000008002c10       0x5c ./Drivers/STM32F4xx_HAL_Driver/Src/stm32f4xx_hal_uart.o
                0x0000000008002c10                HAL_UART_Init
 .text.SysTick_Handler
                0x0000000008002c6c       0x1a ./Middlewares/Third_Party/FreeRTOS/Source/CMSIS_RTOS_V2/cmsis_os2.o
                0x0000000008002c6c                SysTick_Handler
 *fill*         0x0000000008002c86        0x2 
 .text.osKernelInitialize
                0x0000000008002c88       0x24 ./Middlewares/Third_Party/FreeRTOS/Source/CMSIS_RTOS_V2/cmsis_os2.o
                0x0000000008002c88                osKernelInitialize
 .text.osKernelStart
                0x0000000008002cac       0x34 ./Middlewares/Third_Party/FreeRTOS/Source/CMSIS_RTOS_V2/cmsis_os2.o
                0x0000000008002cac                osKernelStart
 .text.osThreadNew
                0x0000000008002ce0       0x8e ./Middlewares/Third_Party/FreeRTOS/Source/CMSIS_RTOS_V2/cmsis_os2.o
                0x0000000008002ce0                osThreadNew
 .text.osDelay  0x0000000008002d6e       0x18 ./Middlewares/Third_Party/FreeRTOS/Source/CMSIS_RTOS_V2/cmsis_os2.o
                0x0000000008002d6e                osDelay
 .text.osMutexNew
                0x0000000008002d86       0x70 ./Middlewares/Third_Party/FreeRTOS/Source/CMSIS_RTOS_V2/cmsis_os2.o
                0x0000000008002d86                osMutexNew
 .text.osMutexAcquire
                0x0000000008002df6       0x44 ./Middlewares/Third_Party/FreeRTOS/Source/CMSIS_RTOS_V2/cmsis_os2.o
                0x0000000008002df6                osMutexAcquire
 .text.osMutexRelease
                0x0000000008002e3a       0x3c ./Middlewares/Third_Party/FreeRTOS/Source/CMSIS_RTOS_V2/cmsis_os2.o
                0x0000000008002e3a                osMutexRelease
 .text.osSemaphoreGetCount
                0x0000000008002e76       0x12 ./Middlewares/Third_Party/FreeRTOS/Source/CMSIS_RTOS_V2/cmsis_os2.o
                0x0000000008002e76                osSemaphoreGetCount
 .text.osMessageQueueNew
                0x0000000008002e88       0x76 ./Middlewares/Third_Party/FreeRTOS/Source/CMSIS_RTOS_V2/cmsis_os2.o
                0x0000000008002e88                osMessageQueueNew
 .text.osMessageQueuePut
                0x0000000008002efe       0x60 ./Middlewares/Third_Party/FreeRTOS/Source/CMSIS_RTOS_V2/cmsis_os2.o
                0x0000000008002efe                osMessageQueuePut
 .text.osMessageQueueGet
                0x0000000008002f5e       0x5e ./Middlewares/Third_Party/FreeRTOS/Source/CMSIS_RTOS_V2/cmsis_os2.o
                0x0000000008002f5e                osMessageQueueGet
 .text.osMessageQueueGetCount
                0x0000000008002fbc        0x4 ./Middlewares/Third_Party/FreeRTOS/Source/CMSIS_RTOS_V2/cmsis_os2.o
                0x0000000008002fbc                osMessageQueueGetCount
 .text.vApplicationGetIdleTaskMemory
                0x0000000008002fc0       0x18 ./Middlewares/Third_Party/FreeRTOS/Source/CMSIS_RTOS_V2/cmsis_os2.o
                0x0000000008002fc0                vApplicationGetIdleTaskMemory
 .text.vApplicationGetTimerTaskMemory
                0x0000000008002fd8       0x18 ./Middlewares/Third_Party/FreeRTOS/Source/CMSIS_RTOS_V2/cmsis_os2.o
                0x0000000008002fd8                vApplicationGetTimerTaskMemory
 .text.vListInitialise
                0x0000000008002ff0       0x16 ./Middlewares/Third_Party/FreeRTOS/Source/list.o
                0x0000000008002ff0                vListInitialise
 .text.vListInitialiseItem
                0x0000000008003006        0x6 ./Middlewares/Third_Party/FreeRTOS/Source/list.o
                0x0000000008003006                vListInitialiseItem
 .text.vListInsertEnd
                0x000000000800300c       0x18 ./Middlewares/Third_Party/FreeRTOS/Source/list.o
                0x000000000800300c                vListInsertEnd
 .text.vListInsert
                0x0000000008003024       0x2e ./Middlewares/Third_Party/FreeRTOS/Source/list.o
                0x0000000008003024                vListInsert
 .text.uxListRemove
                0x0000000008003052       0x20 ./Middlewares/Third_Party/FreeRTOS/Source/list.o
                0x0000000008003052                uxListRemove
 .text.prvIsQueueEmpty
                0x0000000008003072       0x16 ./Middlewares/Third_Party/FreeRTOS/Source/queue.o
 .text.prvCopyDataToQueue
                0x0000000008003088       0x6a ./Middlewares/Third_Party/FreeRTOS/Source/queue.o
 .text.prvCopyDataFromQueue
                0x00000000080030f2       0x2c ./Middlewares/Third_Party/FreeRTOS/Source/queue.o
 .text.prvUnlockQueue
                0x000000000800311e       0x70 ./Middlewares/Third_Party/FreeRTOS/Source/queue.o
 .text.xQueueGenericReset
                0x000000000800318e       0x7e ./Middlewares/Third_Party/FreeRTOS/Source/queue.o
                0x000000000800318e                xQueueGenericReset
 .text.xQueueGenericCreateStatic
                0x000000000800320c       0x9c ./Middlewares/Third_Party/FreeRTOS/Source/queue.o
                0x000000000800320c                xQueueGenericCreateStatic
 .text.xQueueGenericCreate
                0x00000000080032a8       0x4e ./Middlewares/Third_Party/FreeRTOS/Source/queue.o
                0x00000000080032a8                xQueueGenericCreate
 .text.xQueueGenericSend
                0x00000000080032f6      0x166 ./Middlewares/Third_Party/FreeRTOS/Source/queue.o
                0x00000000080032f6                xQueueGenericSend
 .text.xQueueCreateMutexStatic
                0x000000000800345c       0x2a ./Middlewares/Third_Party/FreeRTOS/Source/queue.o
                0x000000000800345c                xQueueCreateMutexStatic
 .text.xQueueGiveMutexRecursive
                0x0000000008003486       0x3c ./Middlewares/Third_Party/FreeRTOS/Source/queue.o
                0x0000000008003486                xQueueGiveMutexRecursive
 .text.xQueueCreateMutex
                0x00000000080034c2       0x3a ./Middlewares/Third_Party/FreeRTOS/Source/queue.o
                0x00000000080034c2                xQueueCreateMutex
 .text.xQueueGenericSendFromISR
                0x00000000080034fc       0xc4 ./Middlewares/Third_Party/FreeRTOS/Source/queue.o
                0x00000000080034fc                xQueueGenericSendFromISR
 .text.xQueueReceive
                0x00000000080035c0      0x13e ./Middlewares/Third_Party/FreeRTOS/Source/queue.o
                0x00000000080035c0                xQueueReceive
 .text.xQueueSemaphoreTake
                0x00000000080036fe      0x186 ./Middlewares/Third_Party/FreeRTOS/Source/queue.o
                0x00000000080036fe                xQueueSemaphoreTake
 .text.xQueueTakeMutexRecursive
                0x0000000008003884       0x44 ./Middlewares/Third_Party/FreeRTOS/Source/queue.o
                0x0000000008003884                xQueueTakeMutexRecursive
 .text.xQueueReceiveFromISR
                0x00000000080038c8       0x9e ./Middlewares/Third_Party/FreeRTOS/Source/queue.o
                0x00000000080038c8                xQueueReceiveFromISR
 .text.uxQueueMessagesWaiting
                0x0000000008003966       0x2a ./Middlewares/Third_Party/FreeRTOS/Source/queue.o
                0x0000000008003966                uxQueueMessagesWaiting
 .text.uxQueueMessagesWaitingFromISR
                0x0000000008003990       0x18 ./Middlewares/Third_Party/FreeRTOS/Source/queue.o
                0x0000000008003990                uxQueueMessagesWaitingFromISR
 .text.vQueueAddToRegistry
                0x00000000080039a8       0x24 ./Middlewares/Third_Party/FreeRTOS/Source/queue.o
                0x00000000080039a8                vQueueAddToRegistry
 .text.vQueueWaitForMessageRestricted
                0x00000000080039cc       0x46 ./Middlewares/Third_Party/FreeRTOS/Source/queue.o
                0x00000000080039cc                vQueueWaitForMessageRestricted
 *fill*         0x0000000008003a12        0x2 
 .text.prvAddNewTaskToReadyList
                0x0000000008003a14      0x100 ./Middlewares/Third_Party/FreeRTOS/Source/tasks.o
 .text.prvAddCurrentTaskToDelayedList
                0x0000000008003b14       0x70 ./Middlewares/Third_Party/FreeRTOS/Source/tasks.o
 .text.prvResetNextTaskUnblockTime
                0x0000000008003b84       0x24 ./Middlewares/Third_Party/FreeRTOS/Source/tasks.o
 .text.prvDeleteTCB
                0x0000000008003ba8       0x36 ./Middlewares/Third_Party/FreeRTOS/Source/tasks.o
 *fill*         0x0000000008003bde        0x2 
 .text.prvIdleTask
                0x0000000008003be0       0x60 ./Middlewares/Third_Party/FreeRTOS/Source/tasks.o
 .text.prvInitialiseNewTask.constprop.0
                0x0000000008003c40       0xa2 ./Middlewares/Third_Party/FreeRTOS/Source/tasks.o
 .text.xTaskCreateStatic
                0x0000000008003ce2       0x70 ./Middlewares/Third_Party/FreeRTOS/Source/tasks.o
                0x0000000008003ce2                xTaskCreateStatic
 .text.xTaskCreate
                0x0000000008003d52       0x5a ./Middlewares/Third_Party/FreeRTOS/Source/tasks.o
                0x0000000008003d52                xTaskCreate
 .text.vTaskStartScheduler
                0x0000000008003dac       0x90 ./Middlewares/Third_Party/FreeRTOS/Source/tasks.o
                0x0000000008003dac                vTaskStartScheduler
 .text.vTaskSuspendAll
                0x0000000008003e3c       0x10 ./Middlewares/Third_Party/FreeRTOS/Source/tasks.o
                0x0000000008003e3c                vTaskSuspendAll
 .text.xTaskGetTickCount
                0x0000000008003e4c        0xc ./Middlewares/Third_Party/FreeRTOS/Source/tasks.o
                0x0000000008003e4c                xTaskGetTickCount
 .text.xTaskIncrementTick
                0x0000000008003e58      0x12c ./Middlewares/Third_Party/FreeRTOS/Source/tasks.o
                0x0000000008003e58                xTaskIncrementTick
 .text.xTaskResumeAll
                0x0000000008003f84       0xe8 ./Middlewares/Third_Party/FreeRTOS/Source/tasks.o
                0x0000000008003f84                xTaskResumeAll
 .text.vTaskDelay
                0x000000000800406c       0x48 ./Middlewares/Third_Party/FreeRTOS/Source/tasks.o
                0x000000000800406c                vTaskDelay
 .text.vTaskSwitchContext
                0x00000000080040b4       0xc0 ./Middlewares/Third_Party/FreeRTOS/Source/tasks.o
                0x00000000080040b4                vTaskSwitchContext
 .text.vTaskPlaceOnEventList
                0x0000000008004174       0x34 ./Middlewares/Third_Party/FreeRTOS/Source/tasks.o
                0x0000000008004174                vTaskPlaceOnEventList
 .text.vTaskPlaceOnEventListRestricted
                0x00000000080041a8       0x3c ./Middlewares/Third_Party/FreeRTOS/Source/tasks.o
                0x00000000080041a8                vTaskPlaceOnEventListRestricted
 .text.xTaskRemoveFromEventList
                0x00000000080041e4       0x88 ./Middlewares/Third_Party/FreeRTOS/Source/tasks.o
                0x00000000080041e4                xTaskRemoveFromEventList
 .text.vTaskInternalSetTimeOutState
                0x000000000800426c       0x18 ./Middlewares/Third_Party/FreeRTOS/Source/tasks.o
                0x000000000800426c                vTaskInternalSetTimeOutState
 .text.xTaskCheckForTimeOut
                0x0000000008004284       0x78 ./Middlewares/Third_Party/FreeRTOS/Source/tasks.o
                0x0000000008004284                xTaskCheckForTimeOut
 .text.vTaskMissedYield
                0x00000000080042fc        0xc ./Middlewares/Third_Party/FreeRTOS/Source/tasks.o
                0x00000000080042fc                vTaskMissedYield
 .text.xTaskGetCurrentTaskHandle
                0x0000000008004308        0xc ./Middlewares/Third_Party/FreeRTOS/Source/tasks.o
                0x0000000008004308                xTaskGetCurrentTaskHandle
 .text.xTaskGetSchedulerState
                0x0000000008004314       0x20 ./Middlewares/Third_Party/FreeRTOS/Source/tasks.o
                0x0000000008004314                xTaskGetSchedulerState
 .text.xTaskPriorityInherit
                0x0000000008004334       0x84 ./Middlewares/Third_Party/FreeRTOS/Source/tasks.o
                0x0000000008004334                xTaskPriorityInherit
 .text.xTaskPriorityDisinherit
                0x00000000080043b8       0x88 ./Middlewares/Third_Party/FreeRTOS/Source/tasks.o
                0x00000000080043b8                xTaskPriorityDisinherit
 .text.vTaskPriorityDisinheritAfterTimeout
                0x0000000008004440       0xa4 ./Middlewares/Third_Party/FreeRTOS/Source/tasks.o
                0x0000000008004440                vTaskPriorityDisinheritAfterTimeout
 .text.pvTaskIncrementMutexHeldCount
                0x00000000080044e4       0x18 ./Middlewares/Third_Party/FreeRTOS/Source/tasks.o
                0x00000000080044e4                pvTaskIncrementMutexHeldCount
 .text.prvCheckForValidListAndQueue
                0x00000000080044fc       0x68 ./Middlewares/Third_Party/FreeRTOS/Source/timers.o
 .text.prvInsertTimerInActiveList
                0x0000000008004564       0x3c ./Middlewares/Third_Party/FreeRTOS/Source/timers.o
 .text.xTimerCreateTimerTask
                0x00000000080045a0       0x64 ./Middlewares/Third_Party/FreeRTOS/Source/timers.o
                0x00000000080045a0                xTimerCreateTimerTask
 .text.xTimerGenericCommand
                0x0000000008004604       0x58 ./Middlewares/Third_Party/FreeRTOS/Source/timers.o
                0x0000000008004604                xTimerGenericCommand
 .text.prvSampleTimeNow
                0x000000000800465c       0xac ./Middlewares/Third_Party/FreeRTOS/Source/timers.o
 .text.prvTimerTask
                0x0000000008004708      0x1cc ./Middlewares/Third_Party/FreeRTOS/Source/timers.o
 .text.prvPortStartFirstTask
                0x00000000080048d4       0x28 ./Middlewares/Third_Party/FreeRTOS/Source/portable/GCC/ARM_CM4F/port.o
 .text.vPortEnableVFP
                0x00000000080048fc       0x14 ./Middlewares/Third_Party/FreeRTOS/Source/portable/GCC/ARM_CM4F/port.o
 .text.prvTaskExitError
                0x0000000008004910       0x40 ./Middlewares/Third_Party/FreeRTOS/Source/portable/GCC/ARM_CM4F/port.o
 .text.pxPortInitialiseStack
                0x0000000008004950       0x2c ./Middlewares/Third_Party/FreeRTOS/Source/portable/GCC/ARM_CM4F/port.o
                0x0000000008004950                pxPortInitialiseStack
 *fill*         0x000000000800497c        0x4 
 .text.SVC_Handler
                0x0000000008004980       0x24 ./Middlewares/Third_Party/FreeRTOS/Source/portable/GCC/ARM_CM4F/port.o
                0x0000000008004980                SVC_Handler
 .text.vPortEnterCritical
                0x00000000080049a4       0x40 ./Middlewares/Third_Party/FreeRTOS/Source/portable/GCC/ARM_CM4F/port.o
                0x00000000080049a4                vPortEnterCritical
 .text.vPortExitCritical
                0x00000000080049e4       0x28 ./Middlewares/Third_Party/FreeRTOS/Source/portable/GCC/ARM_CM4F/port.o
                0x00000000080049e4                vPortExitCritical
 *fill*         0x0000000008004a0c        0x4 
 .text.PendSV_Handler
                0x0000000008004a10       0x64 ./Middlewares/Third_Party/FreeRTOS/Source/portable/GCC/ARM_CM4F/port.o
                0x0000000008004a10                PendSV_Handler
 .text.xPortSysTickHandler
                0x0000000008004a74       0x2c ./Middlewares/Third_Party/FreeRTOS/Source/portable/GCC/ARM_CM4F/port.o
                0x0000000008004a74                xPortSysTickHandler
 .text.vPortSetupTimerInterrupt
                0x0000000008004aa0       0x24 ./Middlewares/Third_Party/FreeRTOS/Source/portable/GCC/ARM_CM4F/port.o
                0x0000000008004aa0                vPortSetupTimerInterrupt
 .text.xPortStartScheduler
                0x0000000008004ac4      0x10c ./Middlewares/Third_Party/FreeRTOS/Source/portable/GCC/ARM_CM4F/port.o
                0x0000000008004ac4                xPortStartScheduler
 .text.vPortValidateInterruptPriority
                0x0000000008004bd0       0x5c ./Middlewares/Third_Party/FreeRTOS/Source/portable/GCC/ARM_CM4F/port.o
                0x0000000008004bd0                vPortValidateInterruptPriority
 .text.prvInsertBlockIntoFreeList
                0x0000000008004c2c       0x4c ./Middlewares/Third_Party/FreeRTOS/Source/portable/MemMang/heap_4.o
 .text.pvPortMalloc
                0x0000000008004c78      0x130 ./Middlewares/Third_Party/FreeRTOS/Source/portable/MemMang/heap_4.o
                0x0000000008004c78                pvPortMalloc
 .text.vPortFree
                0x0000000008004da8       0x7c ./Middlewares/Third_Party/FreeRTOS/Source/portable/MemMang/heap_4.o
                0x0000000008004da8                vPortFree
 .text.memset   0x0000000008004e24       0x10 C:/ST/STM32CubeIDE_1.13.0/STM32CubeIDE/plugins/com.st.stm32cube.ide.mcu.externaltools.gnu-tools-for-stm32.11.3.rel1.win32_1.1.0.202305231506/tools/bin/../lib/gcc/arm-none-eabi/11.3.1/../../../../arm-none-eabi/lib/thumb/v7e-m+fp/hard\libc_nano.a(libc_a-memset.o)
                0x0000000008004e24                memset
 .text.__libc_init_array
                0x0000000008004e34       0x48 C:/ST/STM32CubeIDE_1.13.0/STM32CubeIDE/plugins/com.st.stm32cube.ide.mcu.externaltools.gnu-tools-for-stm32.11.3.rel1.win32_1.1.0.202305231506/tools/bin/../lib/gcc/arm-none-eabi/11.3.1/../../../../arm-none-eabi/lib/thumb/v7e-m+fp/hard\libc_nano.a(libc_a-init.o)
                0x0000000008004e34                __libc_init_array
 .text.memcpy   0x0000000008004e7c       0x1c C:/ST/STM32CubeIDE_1.13.0/STM32CubeIDE/plugins/com.st.stm32cube.ide.mcu.externaltools.gnu-tools-for-stm32.11.3.rel1.win32_1.1.0.202305231506/tools/bin/../lib/gcc/arm-none-eabi/11.3.1/../../../../arm-none-eabi/lib/thumb/v7e-m+fp/hard\libc_nano.a(libc_a-memcpy-stub.o)
                0x0000000008004e7c                memcpy
 *(.glue_7)
 .glue_7        0x0000000008004e98        0x0 linker stubs
 *(.glue_7t)
 .glue_7t       0x0000000008004e98        0x0 linker stubs
 *(.eh_frame)
 .eh_frame      0x0000000008004e98        0x0 C:/ST/STM32CubeIDE_1.13.0/STM32CubeIDE/plugins/com.st.stm32cube.ide.mcu.externaltools.gnu-tools-for-stm32.11.3.rel1.win32_1.1.0.202305231506/tools/bin/../lib/gcc/arm-none-eabi/11.3.1/thumb/v7e-m+fp/hard/crtbegin.o
 *(.init)
 .init          0x0000000008004e98        0x4 C:/ST/STM32CubeIDE_1.13.0/STM32CubeIDE/plugins/com.st.stm32cube.ide.mcu.externaltools.gnu-tools-for-stm32.11.3.rel1.win32_1.1.0.202305231506/tools/bin/../lib/gcc/arm-none-eabi/11.3.1/thumb/v7e-m+fp/hard/crti.o
                0x0000000008004e98                _init
 .init          0x0000000008004e9c        0x8 C:/ST/STM32CubeIDE_1.13.0/STM32CubeIDE/plugins/com.st.stm32cube.ide.mcu.externaltools.gnu-tools-for-stm32.11.3.rel1.win32_1.1.0.202305231506/tools/bin/../lib/gcc/arm-none-eabi/11.3.1/thumb/v7e-m+fp/hard/crtn.o
 *(.fini)
 .fini          0x0000000008004ea4        0x4 C:/ST/STM32CubeIDE_1.13.0/STM32CubeIDE/plugins/com.st.stm32cube.ide.mcu.externaltools.gnu-tools-for-stm32.11.3.rel1.win32_1.1.0.202305231506/tools/bin/../lib/gcc/arm-none-eabi/11.3.1/thumb/v7e-m+fp/hard/crti.o
                0x0000000008004ea4                _fini
 .fini          0x0000000008004ea8        0x8 C:/ST/STM32CubeIDE_1.13.0/STM32CubeIDE/plugins/com.st.stm32cube.ide.mcu.externaltools.gnu-tools-for-stm32.11.3.rel1.win32_1.1.0.202305231506/tools/bin/../lib/gcc/arm-none-eabi/11.3.1/thumb/v7e-m+fp/hard/crtn.o
                0x0000000008004eb0                . = ALIGN (0x4)
                0x0000000008004eb0                _etext = .

.vfp11_veneer   0x0000000008004eb0        0x0
 .vfp11_veneer  0x0000000008004eb0        0x0 linker stubs

.v4_bx          0x0000000008004eb0        0x0
 .v4_bx         0x0000000008004eb0        0x0 linker stubs

.iplt           0x0000000008004eb0        0x0
 .iplt          0x0000000008004eb0        0x0 C:/ST/STM32CubeIDE_1.13.0/STM32CubeIDE/plugins/com.st.stm32cube.ide.mcu.externaltools.gnu-tools-for-stm32.11.3.rel1.win32_1.1.0.202305231506/tools/bin/../lib/gcc/arm-none-eabi/11.3.1/thumb/v7e-m+fp/hard/crtbegin.o

.rodata         0x0000000008004eb0      0x130
                0x0000000008004eb0                . = ALIGN (0x4)
 *(.rodata)
 .rodata        0x0000000008004eb0       0x10 ./Core/Src/LCD1602.o
 .rodata        0x0000000008004ec0        0x5 ./Core/Src/freertos.o
 *(.rodata*)
 .rodata.str1.1
                0x0000000008004ec5       0x30 ./Core/Src/freertos.o
 *fill*         0x0000000008004ef5        0x3 
 .rodata.BUZZER_attributes
                0x0000000008004ef8       0x24 ./Core/Src/freertos.o
                0x0000000008004ef8                BUZZER_attributes
 .rodata.CC1101_attributes
                0x0000000008004f1c       0x24 ./Core/Src/freertos.o
                0x0000000008004f1c                CC1101_attributes
 .rodata.LCD_attributes
                0x0000000008004f40       0x24 ./Core/Src/freertos.o
                0x0000000008004f40                LCD_attributes
 .rodata.myMutex01_attributes
                0x0000000008004f64       0x10 ./Core/Src/freertos.o
                0x0000000008004f64                myMutex01_attributes
 .rodata.myQueue01_attributes
                0x0000000008004f74       0x18 ./Core/Src/freertos.o
                0x0000000008004f74                myQueue01_attributes
 .rodata.myQueue02_attributes
                0x0000000008004f8c       0x18 ./Core/Src/freertos.o
                0x0000000008004f8c                myQueue02_attributes
 .rodata.main.str1.1
                0x0000000008004fa4       0x11 ./Core/Src/main.o
 .rodata.AHBPrescTable
                0x0000000008004fb5       0x10 ./Core/Src/system_stm32f4xx.o
                0x0000000008004fb5                AHBPrescTable
 .rodata.APBPrescTable
                0x0000000008004fc5        0x8 ./Core/Src/system_stm32f4xx.o
                0x0000000008004fc5                APBPrescTable
 .rodata.vTaskStartScheduler.str1.1
                0x0000000008004fcd        0x5 ./Middlewares/Third_Party/FreeRTOS/Source/tasks.o
 .rodata.prvCheckForValidListAndQueue.str1.1
                0x0000000008004fd2        0x5 ./Middlewares/Third_Party/FreeRTOS/Source/timers.o
 .rodata.xTimerCreateTimerTask.str1.1
                0x0000000008004fd7        0x8 ./Middlewares/Third_Party/FreeRTOS/Source/timers.o
                0x0000000008004fe0                . = ALIGN (0x4)
 *fill*         0x0000000008004fdf        0x1 

.ARM.extab      0x0000000008004fe0        0x0
                0x0000000008004fe0                . = ALIGN (0x4)
 *(.ARM.extab* .gnu.linkonce.armextab.*)
                0x0000000008004fe0                . = ALIGN (0x4)

.ARM            0x0000000008004fe0        0x8
                0x0000000008004fe0                . = ALIGN (0x4)
                0x0000000008004fe0                __exidx_start = .
 *(.ARM.exidx*)
 .ARM.exidx     0x0000000008004fe0        0x8 C:/ST/STM32CubeIDE_1.13.0/STM32CubeIDE/plugins/com.st.stm32cube.ide.mcu.externaltools.gnu-tools-for-stm32.11.3.rel1.win32_1.1.0.202305231506/tools/bin/../lib/gcc/arm-none-eabi/11.3.1/thumb/v7e-m+fp/hard\libgcc.a(_udivmoddi4.o)
                0x0000000008004fe8                __exidx_end = .
                0x0000000008004fe8                . = ALIGN (0x4)

.rel.dyn        0x0000000008004fe8        0x0
 .rel.iplt      0x0000000008004fe8        0x0 C:/ST/STM32CubeIDE_1.13.0/STM32CubeIDE/plugins/com.st.stm32cube.ide.mcu.externaltools.gnu-tools-for-stm32.11.3.rel1.win32_1.1.0.202305231506/tools/bin/../lib/gcc/arm-none-eabi/11.3.1/thumb/v7e-m+fp/hard/crtbegin.o

.preinit_array  0x0000000008004fe8        0x0
                0x0000000008004fe8                . = ALIGN (0x4)
                0x0000000008004fe8                PROVIDE (__preinit_array_start = .)
 *(.preinit_array*)
                0x0000000008004fe8                PROVIDE (__preinit_array_end = .)
                0x0000000008004fe8                . = ALIGN (0x4)

.init_array     0x0000000008004fe8        0x4
                0x0000000008004fe8                . = ALIGN (0x4)
                0x0000000008004fe8                PROVIDE (__init_array_start = .)
 *(SORT_BY_NAME(.init_array.*))
 *(.init_array*)
 .init_array    0x0000000008004fe8        0x4 C:/ST/STM32CubeIDE_1.13.0/STM32CubeIDE/plugins/com.st.stm32cube.ide.mcu.externaltools.gnu-tools-for-stm32.11.3.rel1.win32_1.1.0.202305231506/tools/bin/../lib/gcc/arm-none-eabi/11.3.1/thumb/v7e-m+fp/hard/crtbegin.o
                0x0000000008004fec                PROVIDE (__init_array_end = .)
                0x0000000008004fec                . = ALIGN (0x4)

.fini_array     0x0000000008004fec        0x4
                0x0000000008004fec                . = ALIGN (0x4)
                [!provide]                        PROVIDE (__fini_array_start = .)
 *(SORT_BY_NAME(.fini_array.*))
 *(.fini_array*)
 .fini_array    0x0000000008004fec        0x4 C:/ST/STM32CubeIDE_1.13.0/STM32CubeIDE/plugins/com.st.stm32cube.ide.mcu.externaltools.gnu-tools-for-stm32.11.3.rel1.win32_1.1.0.202305231506/tools/bin/../lib/gcc/arm-none-eabi/11.3.1/thumb/v7e-m+fp/hard/crtbegin.o
                [!provide]                        PROVIDE (__fini_array_end = .)
                0x0000000008004ff0                . = ALIGN (0x4)
                0x0000000008004ff0                _sidata = LOADADDR (.data)

.data           0x0000000020000000       0x20 load address 0x0000000008004ff0
                0x0000000020000000                . = ALIGN (0x4)
                0x0000000020000000                _sdata = .
 *(.data)
 *(.data*)
 .data.special1
                0x0000000020000000        0x8 ./Core/Src/LCD1602.o
                0x0000000020000000                special1
 .data.special2
                0x0000000020000008        0x8 ./Core/Src/LCD1602.o
                0x0000000020000008                special2
 .data.SystemCoreClock
                0x0000000020000010        0x4 ./Core/Src/system_stm32f4xx.o
                0x0000000020000010                SystemCoreClock
 .data.uwTickFreq
                0x0000000020000014        0x1 ./Drivers/STM32F4xx_HAL_Driver/Src/stm32f4xx_hal.o
                0x0000000020000014                uwTickFreq
 *fill*         0x0000000020000015        0x3 
 .data.uwTickPrio
                0x0000000020000018        0x4 ./Drivers/STM32F4xx_HAL_Driver/Src/stm32f4xx_hal.o
                0x0000000020000018                uwTickPrio
 .data.uxCriticalNesting
                0x000000002000001c        0x4 ./Middlewares/Third_Party/FreeRTOS/Source/portable/GCC/ARM_CM4F/port.o
 *(.RamFunc)
 *(.RamFunc*)
                0x0000000020000020                . = ALIGN (0x4)
                0x0000000020000020                _edata = .

.igot.plt       0x0000000020000020        0x0 load address 0x0000000008005010
 .igot.plt      0x0000000020000020        0x0 C:/ST/STM32CubeIDE_1.13.0/STM32CubeIDE/plugins/com.st.stm32cube.ide.mcu.externaltools.gnu-tools-for-stm32.11.3.rel1.win32_1.1.0.202305231506/tools/bin/../lib/gcc/arm-none-eabi/11.3.1/thumb/v7e-m+fp/hard/crtbegin.o
                0x0000000020000020                . = ALIGN (0x4)

.bss            0x0000000020000020     0x4b64 load address 0x0000000008005010
                0x0000000020000020                _sbss = .
                0x0000000020000020                __bss_start__ = _sbss
 *(.bss)
 .bss           0x0000000020000020       0x1c C:/ST/STM32CubeIDE_1.13.0/STM32CubeIDE/plugins/com.st.stm32cube.ide.mcu.externaltools.gnu-tools-for-stm32.11.3.rel1.win32_1.1.0.202305231506/tools/bin/../lib/gcc/arm-none-eabi/11.3.1/thumb/v7e-m+fp/hard/crtbegin.o
 *(.bss*)
 .bss.configFunctionSet
                0x000000002000003c        0x1 ./Core/Src/LCD1602.o
                0x000000002000003c                configFunctionSet
 .bss.displayBacklight
                0x000000002000003d        0x1 ./Core/Src/LCD1602.o
                0x000000002000003d                displayBacklight
 .bss.displayControl
                0x000000002000003e        0x1 ./Core/Src/LCD1602.o
                0x000000002000003e                displayControl
 .bss.displayMode
                0x000000002000003f        0x1 ./Core/Src/LCD1602.o
                0x000000002000003f                displayMode
 .bss.BUZZERHandle
                0x0000000020000040        0x4 ./Core/Src/freertos.o
                0x0000000020000040                BUZZERHandle
 .bss.CC1101Handle
                0x0000000020000044        0x4 ./Core/Src/freertos.o
                0x0000000020000044                CC1101Handle
 .bss.LCDHandle
                0x0000000020000048        0x4 ./Core/Src/freertos.o
                0x0000000020000048                LCDHandle
 .bss.myMutex01Handle
                0x000000002000004c        0x4 ./Core/Src/freertos.o
                0x000000002000004c                myMutex01Handle
 .bss.myQueue01Handle
                0x0000000020000050        0x4 ./Core/Src/freertos.o
                0x0000000020000050                myQueue01Handle
 .bss.myQueue02Handle
                0x0000000020000054        0x4 ./Core/Src/freertos.o
                0x0000000020000054                myQueue02Handle
 .bss.hi2c2     0x0000000020000058       0x54 ./Core/Src/i2c.o
                0x0000000020000058                hi2c2
 .bss.hspi2     0x00000000200000ac       0x58 ./Core/Src/spi.o
                0x00000000200000ac                hspi2
 .bss.htim6     0x0000000020000104       0x48 ./Core/Src/stm32f4xx_hal_timebase_tim.o
                0x0000000020000104                htim6
 .bss.htim1     0x000000002000014c       0x48 ./Core/Src/tim.o
                0x000000002000014c                htim1
 .bss.htim2     0x0000000020000194       0x48 ./Core/Src/tim.o
                0x0000000020000194                htim2
 .bss.huart2    0x00000000200001dc       0x44 ./Core/Src/usart.o
                0x00000000200001dc                huart2
 .bss.uwTick    0x0000000020000220        0x4 ./Drivers/STM32F4xx_HAL_Driver/Src/stm32f4xx_hal.o
                0x0000000020000220                uwTick
 .bss.Idle_Stack.2
                0x0000000020000224      0x200 ./Middlewares/Third_Party/FreeRTOS/Source/CMSIS_RTOS_V2/cmsis_os2.o
 .bss.Idle_TCB.3
                0x0000000020000424       0x64 ./Middlewares/Third_Party/FreeRTOS/Source/CMSIS_RTOS_V2/cmsis_os2.o
 .bss.KernelState
                0x0000000020000488        0x4 ./Middlewares/Third_Party/FreeRTOS/Source/CMSIS_RTOS_V2/cmsis_os2.o
 .bss.Timer_Stack.0
                0x000000002000048c      0x400 ./Middlewares/Third_Party/FreeRTOS/Source/CMSIS_RTOS_V2/cmsis_os2.o
 .bss.Timer_TCB.1
                0x000000002000088c       0x64 ./Middlewares/Third_Party/FreeRTOS/Source/CMSIS_RTOS_V2/cmsis_os2.o
 .bss.xQueueRegistry
                0x00000000200008f0       0x40 ./Middlewares/Third_Party/FreeRTOS/Source/queue.o
                0x00000000200008f0                xQueueRegistry
 .bss.pxCurrentTCB
                0x0000000020000930        0x4 ./Middlewares/Third_Party/FreeRTOS/Source/tasks.o
                0x0000000020000930                pxCurrentTCB
 .bss.pxDelayedTaskList
                0x0000000020000934        0x4 ./Middlewares/Third_Party/FreeRTOS/Source/tasks.o
 .bss.pxOverflowDelayedTaskList
                0x0000000020000938        0x4 ./Middlewares/Third_Party/FreeRTOS/Source/tasks.o
 .bss.pxReadyTasksLists
                0x000000002000093c      0x460 ./Middlewares/Third_Party/FreeRTOS/Source/tasks.o
 .bss.ulTaskSwitchedInTime
                0x0000000020000d9c        0x4 ./Middlewares/Third_Party/FreeRTOS/Source/tasks.o
 .bss.uxCurrentNumberOfTasks
                0x0000000020000da0        0x4 ./Middlewares/Third_Party/FreeRTOS/Source/tasks.o
 .bss.uxDeletedTasksWaitingCleanUp
                0x0000000020000da4        0x4 ./Middlewares/Third_Party/FreeRTOS/Source/tasks.o
 .bss.uxSchedulerSuspended
                0x0000000020000da8        0x4 ./Middlewares/Third_Party/FreeRTOS/Source/tasks.o
 .bss.uxTaskNumber
                0x0000000020000dac        0x4 ./Middlewares/Third_Party/FreeRTOS/Source/tasks.o
 .bss.uxTopReadyPriority
                0x0000000020000db0        0x4 ./Middlewares/Third_Party/FreeRTOS/Source/tasks.o
 .bss.xDelayedTaskList1
                0x0000000020000db4       0x14 ./Middlewares/Third_Party/FreeRTOS/Source/tasks.o
 .bss.xDelayedTaskList2
                0x0000000020000dc8       0x14 ./Middlewares/Third_Party/FreeRTOS/Source/tasks.o
 .bss.xNextTaskUnblockTime
                0x0000000020000ddc        0x4 ./Middlewares/Third_Party/FreeRTOS/Source/tasks.o
 .bss.xNumOfOverflows
                0x0000000020000de0        0x4 ./Middlewares/Third_Party/FreeRTOS/Source/tasks.o
 .bss.xPendedTicks
                0x0000000020000de4        0x4 ./Middlewares/Third_Party/FreeRTOS/Source/tasks.o
 .bss.xPendingReadyList
                0x0000000020000de8       0x14 ./Middlewares/Third_Party/FreeRTOS/Source/tasks.o
 .bss.xSchedulerRunning
                0x0000000020000dfc        0x4 ./Middlewares/Third_Party/FreeRTOS/Source/tasks.o
 .bss.xSuspendedTaskList
                0x0000000020000e00       0x14 ./Middlewares/Third_Party/FreeRTOS/Source/tasks.o
 .bss.xTasksWaitingTermination
                0x0000000020000e14       0x14 ./Middlewares/Third_Party/FreeRTOS/Source/tasks.o
 .bss.xTickCount
                0x0000000020000e28        0x4 ./Middlewares/Third_Party/FreeRTOS/Source/tasks.o
 .bss.xYieldPending
                0x0000000020000e2c        0x4 ./Middlewares/Third_Party/FreeRTOS/Source/tasks.o
 .bss.pxCurrentTimerList
                0x0000000020000e30        0x4 ./Middlewares/Third_Party/FreeRTOS/Source/timers.o
 .bss.pxOverflowTimerList
                0x0000000020000e34        0x4 ./Middlewares/Third_Party/FreeRTOS/Source/timers.o
 .bss.ucStaticTimerQueueStorage.1
                0x0000000020000e38       0xa0 ./Middlewares/Third_Party/FreeRTOS/Source/timers.o
 .bss.xActiveTimerList1
                0x0000000020000ed8       0x14 ./Middlewares/Third_Party/FreeRTOS/Source/timers.o
 .bss.xActiveTimerList2
                0x0000000020000eec       0x14 ./Middlewares/Third_Party/FreeRTOS/Source/timers.o
 .bss.xLastTime.2
                0x0000000020000f00        0x4 ./Middlewares/Third_Party/FreeRTOS/Source/timers.o
 .bss.xStaticTimerQueue.0
                0x0000000020000f04       0x50 ./Middlewares/Third_Party/FreeRTOS/Source/timers.o
 .bss.xTimerQueue
                0x0000000020000f54        0x4 ./Middlewares/Third_Party/FreeRTOS/Source/timers.o
 .bss.xTimerTaskHandle
                0x0000000020000f58        0x4 ./Middlewares/Third_Party/FreeRTOS/Source/timers.o
 .bss.ucMaxSysCallPriority
                0x0000000020000f5c        0x1 ./Middlewares/Third_Party/FreeRTOS/Source/portable/GCC/ARM_CM4F/port.o
 *fill*         0x0000000020000f5d        0x3 
 .bss.ulMaxPRIGROUPValue
                0x0000000020000f60        0x4 ./Middlewares/Third_Party/FreeRTOS/Source/portable/GCC/ARM_CM4F/port.o
 .bss.pxEnd     0x0000000020000f64        0x4 ./Middlewares/Third_Party/FreeRTOS/Source/portable/MemMang/heap_4.o
 .bss.ucHeap    0x0000000020000f68     0x3c00 ./Middlewares/Third_Party/FreeRTOS/Source/portable/MemMang/heap_4.o
 .bss.xBlockAllocatedBit
                0x0000000020004b68        0x4 ./Middlewares/Third_Party/FreeRTOS/Source/portable/MemMang/heap_4.o
 .bss.xFreeBytesRemaining
                0x0000000020004b6c        0x4 ./Middlewares/Third_Party/FreeRTOS/Source/portable/MemMang/heap_4.o
 .bss.xMinimumEverFreeBytesRemaining
                0x0000000020004b70        0x4 ./Middlewares/Third_Party/FreeRTOS/Source/portable/MemMang/heap_4.o
 .bss.xNumberOfSuccessfulAllocations
                0x0000000020004b74        0x4 ./Middlewares/Third_Party/FreeRTOS/Source/portable/MemMang/heap_4.o
 .bss.xNumberOfSuccessfulFrees
                0x0000000020004b78        0x4 ./Middlewares/Third_Party/FreeRTOS/Source/portable/MemMang/heap_4.o
 .bss.xStart    0x0000000020004b7c        0x8 ./Middlewares/Third_Party/FreeRTOS/Source/portable/MemMang/heap_4.o
 *(COMMON)
                0x0000000020004b84                . = ALIGN (0x4)
                0x0000000020004b84                _ebss = .
                0x0000000020004b84                __bss_end__ = _ebss

._user_heap_stack
                0x0000000020004b84      0x604 load address 0x0000000008005010
                0x0000000020004b88                . = ALIGN (0x8)
 *fill*         0x0000000020004b84        0x4 
                [!provide]                        PROVIDE (end = .)
                0x0000000020004b88                PROVIDE (_end = .)
                0x0000000020004d88                . = (. + _Min_Heap_Size)
 *fill*         0x0000000020004b88      0x200 
                0x0000000020005188                . = (. + _Min_Stack_Size)
 *fill*         0x0000000020004d88      0x400 
                0x0000000020005188                . = ALIGN (0x8)

/DISCARD/
 libc.a(*)
 libm.a(*)
 libgcc.a(*)

.ARM.attributes
                0x0000000000000000       0x30
 *(.ARM.attributes)
 .ARM.attributes
                0x0000000000000000       0x1e C:/ST/STM32CubeIDE_1.13.0/STM32CubeIDE/plugins/com.st.stm32cube.ide.mcu.externaltools.gnu-tools-for-stm32.11.3.rel1.win32_1.1.0.202305231506/tools/bin/../lib/gcc/arm-none-eabi/11.3.1/thumb/v7e-m+fp/hard/crti.o
 .ARM.attributes
                0x000000000000001e       0x34 C:/ST/STM32CubeIDE_1.13.0/STM32CubeIDE/plugins/com.st.stm32cube.ide.mcu.externaltools.gnu-tools-for-stm32.11.3.rel1.win32_1.1.0.202305231506/tools/bin/../lib/gcc/arm-none-eabi/11.3.1/thumb/v7e-m+fp/hard/crtbegin.o
 .ARM.attributes
                0x0000000000000052       0x34 ./Core/Src/CC1101_E07_M1101D_SMA.o
 .ARM.attributes
                0x0000000000000086       0x34 ./Core/Src/LCD1602.o
 .ARM.attributes
                0x00000000000000ba       0x34 ./Core/Src/freertos.o
 .ARM.attributes
                0x00000000000000ee       0x34 ./Core/Src/gpio.o
 .ARM.attributes
                0x0000000000000122       0x34 ./Core/Src/i2c.o
 .ARM.attributes
                0x0000000000000156       0x34 ./Core/Src/main.o
 .ARM.attributes
                0x000000000000018a       0x34 ./Core/Src/spi.o
 .ARM.attributes
                0x00000000000001be       0x34 ./Core/Src/stm32f4xx_hal_msp.o
 .ARM.attributes
                0x00000000000001f2       0x34 ./Core/Src/stm32f4xx_hal_timebase_tim.o
 .ARM.attributes
                0x0000000000000226       0x34 ./Core/Src/stm32f4xx_it.o
 .ARM.attributes
                0x000000000000025a       0x34 ./Core/Src/system_stm32f4xx.o
 .ARM.attributes
                0x000000000000028e       0x34 ./Core/Src/tim.o
 .ARM.attributes
                0x00000000000002c2       0x34 ./Core/Src/usart.o
 .ARM.attributes
                0x00000000000002f6       0x21 ./Core/Startup/startup_stm32f446retx.o
 .ARM.attributes
                0x0000000000000317       0x34 ./Drivers/STM32F4xx_HAL_Driver/Src/stm32f4xx_hal.o
 .ARM.attributes
                0x000000000000034b       0x34 ./Drivers/STM32F4xx_HAL_Driver/Src/stm32f4xx_hal_cortex.o
 .ARM.attributes
                0x000000000000037f       0x34 ./Drivers/STM32F4xx_HAL_Driver/Src/stm32f4xx_hal_gpio.o
 .ARM.attributes
                0x00000000000003b3       0x34 ./Drivers/STM32F4xx_HAL_Driver/Src/stm32f4xx_hal_i2c.o
 .ARM.attributes
                0x00000000000003e7       0x34 ./Drivers/STM32F4xx_HAL_Driver/Src/stm32f4xx_hal_rcc.o
 .ARM.attributes
                0x000000000000041b       0x34 ./Drivers/STM32F4xx_HAL_Driver/Src/stm32f4xx_hal_rcc_ex.o
 .ARM.attributes
                0x000000000000044f       0x34 ./Drivers/STM32F4xx_HAL_Driver/Src/stm32f4xx_hal_spi.o
 .ARM.attributes
                0x0000000000000483       0x34 ./Drivers/STM32F4xx_HAL_Driver/Src/stm32f4xx_hal_tim.o
 .ARM.attributes
                0x00000000000004b7       0x34 ./Drivers/STM32F4xx_HAL_Driver/Src/stm32f4xx_hal_tim_ex.o
 .ARM.attributes
                0x00000000000004eb       0x34 ./Drivers/STM32F4xx_HAL_Driver/Src/stm32f4xx_hal_uart.o
 .ARM.attributes
                0x000000000000051f       0x34 ./Middlewares/Third_Party/FreeRTOS/Source/CMSIS_RTOS_V2/cmsis_os2.o
 .ARM.attributes
                0x0000000000000553       0x34 ./Middlewares/Third_Party/FreeRTOS/Source/list.o
 .ARM.attributes
                0x0000000000000587       0x34 ./Middlewares/Third_Party/FreeRTOS/Source/queue.o
 .ARM.attributes
                0x00000000000005bb       0x34 ./Middlewares/Third_Party/FreeRTOS/Source/tasks.o
 .ARM.attributes
                0x00000000000005ef       0x34 ./Middlewares/Third_Party/FreeRTOS/Source/timers.o
 .ARM.attributes
                0x0000000000000623       0x34 ./Middlewares/Third_Party/FreeRTOS/Source/portable/GCC/ARM_CM4F/port.o
 .ARM.attributes
                0x0000000000000657       0x34 ./Middlewares/Third_Party/FreeRTOS/Source/portable/MemMang/heap_4.o
 .ARM.attributes
                0x000000000000068b       0x34 C:/ST/STM32CubeIDE_1.13.0/STM32CubeIDE/plugins/com.st.stm32cube.ide.mcu.externaltools.gnu-tools-for-stm32.11.3.rel1.win32_1.1.0.202305231506/tools/bin/../lib/gcc/arm-none-eabi/11.3.1/../../../../arm-none-eabi/lib/thumb/v7e-m+fp/hard\libc_nano.a(libc_a-memset.o)
 .ARM.attributes
                0x00000000000006bf       0x34 C:/ST/STM32CubeIDE_1.13.0/STM32CubeIDE/plugins/com.st.stm32cube.ide.mcu.externaltools.gnu-tools-for-stm32.11.3.rel1.win32_1.1.0.202305231506/tools/bin/../lib/gcc/arm-none-eabi/11.3.1/../../../../arm-none-eabi/lib/thumb/v7e-m+fp/hard\libc_nano.a(libc_a-init.o)
 .ARM.attributes
                0x00000000000006f3       0x34 C:/ST/STM32CubeIDE_1.13.0/STM32CubeIDE/plugins/com.st.stm32cube.ide.mcu.externaltools.gnu-tools-for-stm32.11.3.rel1.win32_1.1.0.202305231506/tools/bin/../lib/gcc/arm-none-eabi/11.3.1/../../../../arm-none-eabi/lib/thumb/v7e-m+fp/hard\libc_nano.a(libc_a-memcpy-stub.o)
 .ARM.attributes
                0x0000000000000727       0x1e C:/ST/STM32CubeIDE_1.13.0/STM32CubeIDE/plugins/com.st.stm32cube.ide.mcu.externaltools.gnu-tools-for-stm32.11.3.rel1.win32_1.1.0.202305231506/tools/bin/../lib/gcc/arm-none-eabi/11.3.1/thumb/v7e-m+fp/hard\libgcc.a(_aeabi_uldivmod.o)
 .ARM.attributes
                0x0000000000000745       0x34 C:/ST/STM32CubeIDE_1.13.0/STM32CubeIDE/plugins/com.st.stm32cube.ide.mcu.externaltools.gnu-tools-for-stm32.11.3.rel1.win32_1.1.0.202305231506/tools/bin/../lib/gcc/arm-none-eabi/11.3.1/thumb/v7e-m+fp/hard\libgcc.a(_udivmoddi4.o)
 .ARM.attributes
                0x0000000000000779       0x1e C:/ST/STM32CubeIDE_1.13.0/STM32CubeIDE/plugins/com.st.stm32cube.ide.mcu.externaltools.gnu-tools-for-stm32.11.3.rel1.win32_1.1.0.202305231506/tools/bin/../lib/gcc/arm-none-eabi/11.3.1/thumb/v7e-m+fp/hard\libgcc.a(_dvmd_tls.o)
 .ARM.attributes
                0x0000000000000797       0x1e C:/ST/STM32CubeIDE_1.13.0/STM32CubeIDE/plugins/com.st.stm32cube.ide.mcu.externaltools.gnu-tools-for-stm32.11.3.rel1.win32_1.1.0.202305231506/tools/bin/../lib/gcc/arm-none-eabi/11.3.1/thumb/v7e-m+fp/hard/crtn.o
OUTPUT(ZAVRSNI_RX_F446RE.elf elf32-littlearm)
LOAD linker stubs
LOAD C:/ST/STM32CubeIDE_1.13.0/STM32CubeIDE/plugins/com.st.stm32cube.ide.mcu.externaltools.gnu-tools-for-stm32.11.3.rel1.win32_1.1.0.202305231506/tools/bin/../lib/gcc/arm-none-eabi/11.3.1/../../../../arm-none-eabi/lib/thumb/v7e-m+fp/hard\libc.a
LOAD C:/ST/STM32CubeIDE_1.13.0/STM32CubeIDE/plugins/com.st.stm32cube.ide.mcu.externaltools.gnu-tools-for-stm32.11.3.rel1.win32_1.1.0.202305231506/tools/bin/../lib/gcc/arm-none-eabi/11.3.1/../../../../arm-none-eabi/lib/thumb/v7e-m+fp/hard\libm.a
LOAD C:/ST/STM32CubeIDE_1.13.0/STM32CubeIDE/plugins/com.st.stm32cube.ide.mcu.externaltools.gnu-tools-for-stm32.11.3.rel1.win32_1.1.0.202305231506/tools/bin/../lib/gcc/arm-none-eabi/11.3.1/thumb/v7e-m+fp/hard\libgcc.a

.comment        0x0000000000000000       0x43
 .comment       0x0000000000000000       0x43 C:/ST/STM32CubeIDE_1.13.0/STM32CubeIDE/plugins/com.st.stm32cube.ide.mcu.externaltools.gnu-tools-for-stm32.11.3.rel1.win32_1.1.0.202305231506/tools/bin/../lib/gcc/arm-none-eabi/11.3.1/thumb/v7e-m+fp/hard/crtbegin.o
                                         0x44 (size before relaxing)
 .comment       0x0000000000000043       0x44 ./Core/Src/CC1101_E07_M1101D_SMA.o
 .comment       0x0000000000000043       0x44 ./Core/Src/LCD1602.o
 .comment       0x0000000000000043       0x44 ./Core/Src/freertos.o
 .comment       0x0000000000000043       0x44 ./Core/Src/gpio.o
 .comment       0x0000000000000043       0x44 ./Core/Src/i2c.o
 .comment       0x0000000000000043       0x44 ./Core/Src/main.o
 .comment       0x0000000000000043       0x44 ./Core/Src/spi.o
 .comment       0x0000000000000043       0x44 ./Core/Src/stm32f4xx_hal_msp.o
 .comment       0x0000000000000043       0x44 ./Core/Src/stm32f4xx_hal_timebase_tim.o
 .comment       0x0000000000000043       0x44 ./Core/Src/stm32f4xx_it.o
 .comment       0x0000000000000043       0x44 ./Core/Src/system_stm32f4xx.o
 .comment       0x0000000000000043       0x44 ./Core/Src/tim.o
 .comment       0x0000000000000043       0x44 ./Core/Src/usart.o
 .comment       0x0000000000000043       0x44 ./Drivers/STM32F4xx_HAL_Driver/Src/stm32f4xx_hal.o
 .comment       0x0000000000000043       0x44 ./Drivers/STM32F4xx_HAL_Driver/Src/stm32f4xx_hal_cortex.o
 .comment       0x0000000000000043       0x44 ./Drivers/STM32F4xx_HAL_Driver/Src/stm32f4xx_hal_gpio.o
 .comment       0x0000000000000043       0x44 ./Drivers/STM32F4xx_HAL_Driver/Src/stm32f4xx_hal_i2c.o
 .comment       0x0000000000000043       0x44 ./Drivers/STM32F4xx_HAL_Driver/Src/stm32f4xx_hal_rcc.o
 .comment       0x0000000000000043       0x44 ./Drivers/STM32F4xx_HAL_Driver/Src/stm32f4xx_hal_rcc_ex.o
 .comment       0x0000000000000043       0x44 ./Drivers/STM32F4xx_HAL_Driver/Src/stm32f4xx_hal_spi.o
 .comment       0x0000000000000043       0x44 ./Drivers/STM32F4xx_HAL_Driver/Src/stm32f4xx_hal_tim.o
 .comment       0x0000000000000043       0x44 ./Drivers/STM32F4xx_HAL_Driver/Src/stm32f4xx_hal_tim_ex.o
 .comment       0x0000000000000043       0x44 ./Drivers/STM32F4xx_HAL_Driver/Src/stm32f4xx_hal_uart.o
 .comment       0x0000000000000043       0x44 ./Middlewares/Third_Party/FreeRTOS/Source/CMSIS_RTOS_V2/cmsis_os2.o
 .comment       0x0000000000000043       0x44 ./Middlewares/Third_Party/FreeRTOS/Source/list.o
 .comment       0x0000000000000043       0x44 ./Middlewares/Third_Party/FreeRTOS/Source/queue.o
 .comment       0x0000000000000043       0x44 ./Middlewares/Third_Party/FreeRTOS/Source/tasks.o
 .comment       0x0000000000000043       0x44 ./Middlewares/Third_Party/FreeRTOS/Source/timers.o
 .comment       0x0000000000000043       0x44 ./Middlewares/Third_Party/FreeRTOS/Source/portable/GCC/ARM_CM4F/port.o
 .comment       0x0000000000000043       0x44 ./Middlewares/Third_Party/FreeRTOS/Source/portable/MemMang/heap_4.o

.debug_frame    0x0000000000000000       0xd4
 .debug_frame   0x0000000000000000       0x20 C:/ST/STM32CubeIDE_1.13.0/STM32CubeIDE/plugins/com.st.stm32cube.ide.mcu.externaltools.gnu-tools-for-stm32.11.3.rel1.win32_1.1.0.202305231506/tools/bin/../lib/gcc/arm-none-eabi/11.3.1/../../../../arm-none-eabi/lib/thumb/v7e-m+fp/hard\libc_nano.a(libc_a-memset.o)
 .debug_frame   0x0000000000000020       0x2c C:/ST/STM32CubeIDE_1.13.0/STM32CubeIDE/plugins/com.st.stm32cube.ide.mcu.externaltools.gnu-tools-for-stm32.11.3.rel1.win32_1.1.0.202305231506/tools/bin/../lib/gcc/arm-none-eabi/11.3.1/../../../../arm-none-eabi/lib/thumb/v7e-m+fp/hard\libc_nano.a(libc_a-init.o)
 .debug_frame   0x000000000000004c       0x28 C:/ST/STM32CubeIDE_1.13.0/STM32CubeIDE/plugins/com.st.stm32cube.ide.mcu.externaltools.gnu-tools-for-stm32.11.3.rel1.win32_1.1.0.202305231506/tools/bin/../lib/gcc/arm-none-eabi/11.3.1/../../../../arm-none-eabi/lib/thumb/v7e-m+fp/hard\libc_nano.a(libc_a-memcpy-stub.o)
 .debug_frame   0x0000000000000074       0x2c C:/ST/STM32CubeIDE_1.13.0/STM32CubeIDE/plugins/com.st.stm32cube.ide.mcu.externaltools.gnu-tools-for-stm32.11.3.rel1.win32_1.1.0.202305231506/tools/bin/../lib/gcc/arm-none-eabi/11.3.1/thumb/v7e-m+fp/hard\libgcc.a(_aeabi_uldivmod.o)
 .debug_frame   0x00000000000000a0       0x34 C:/ST/STM32CubeIDE_1.13.0/STM32CubeIDE/plugins/com.st.stm32cube.ide.mcu.externaltools.gnu-tools-for-stm32.11.3.rel1.win32_1.1.0.202305231506/tools/bin/../lib/gcc/arm-none-eabi/11.3.1/thumb/v7e-m+fp/hard\libgcc.a(_udivmoddi4.o)
