../Core/Src/CC1101_E07_M1101D_SMA.c:3:6:SPI_CS_WRITE	16	static
../Core/Src/CC1101_E07_M1101D_SMA.c:15:6:manual_POR	24	static
../Core/Src/CC1101_E07_M1101D_SMA.c:34:6:cc1101_init	16	static
../Core/Src/CC1101_E07_M1101D_SMA.c:50:6:write_cc1101_config_sleep	8	static
../Core/Src/CC1101_E07_M1101D_SMA.c:61:6:write_tx_cc1101_config	8	static
../Core/Src/CC1101_E07_M1101D_SMA.c:93:6:write_rx_cc1101_config	8	static
../Core/Src/CC1101_E07_M1101D_SMA.c:121:9:command_strobe	32	static
../Core/Src/CC1101_E07_M1101D_SMA.c:138:9:read_status_reg	88	static
../Core/Src/CC1101_E07_M1101D_SMA.c:172:9:transmit_burst_byte_433	16	static
../Core/Src/CC1101_E07_M1101D_SMA.c:187:9:receive_burst_byte_433	80	static
../Core/Src/CC1101_E07_M1101D_SMA.c:278:9:read_single_byte	32	static
../Core/Src/CC1101_E07_M1101D_SMA.c:296:9:write_single_byte	32	static
../Core/Src/CC1101_E07_M1101D_SMA.c:316:6:read_burst_byte	152	static
../Core/Src/CC1101_E07_M1101D_SMA.c:368:6:write_burst_byte	152	static
../Core/Src/CC1101_E07_M1101D_SMA.c:413:6:hal_status	72	static
