../Core/Src/LCD1602.c:259:13:ExpanderWrite	24	static
../Core/Src/LCD1602.c:253:13:Write4Bits	8	static
../Core/Src/LCD1602.c:243:13:Send	16	static
../Core/Src/LCD1602.c:233:13:SendCommand	0	static
../Core/Src/LCD1602.c:98:6:HD44780_Clear	8	static
../Core/Src/LCD1602.c:104:6:HD44780_Home	8	static
../Core/Src/LCD1602.c:110:6:HD44780_SetCursor	24	static
../Core/Src/LCD1602.c:120:6:HD44780_NoDisplay	0	static
../Core/Src/LCD1602.c:126:6:HD44780_Display	0	static
../Core/Src/LCD1602.c:132:6:HD44780_NoCursor	0	static
../Core/Src/LCD1602.c:138:6:HD44780_Cursor	0	static
../Core/Src/LCD1602.c:144:6:HD44780_NoBlink	0	static
../Core/Src/LCD1602.c:150:6:HD44780_Blink	0	static
../Core/Src/LCD1602.c:156:6:HD44780_ScrollDisplayLeft	0	static
../Core/Src/LCD1602.c:161:6:HD44780_ScrollDisplayRight	0	static
../Core/Src/LCD1602.c:166:6:HD44780_LeftToRight	0	static
../Core/Src/LCD1602.c:172:6:HD44780_RightToLeft	0	static
../Core/Src/LCD1602.c:178:6:HD44780_AutoScroll	0	static
../Core/Src/LCD1602.c:184:6:HD44780_NoAutoScroll	0	static
../Core/Src/LCD1602.c:190:6:HD44780_CreateSpecialChar	16	static
../Core/Src/LCD1602.c:44:6:HD44780_Init	16	static
../Core/Src/LCD1602.c:200:6:HD44780_PrintSpecialChar	0	static
../Core/Src/LCD1602.c:205:6:HD44780_LoadCustomCharacter	0	static
../Core/Src/LCD1602.c:210:6:HD44780_PrintStr	8	static
../Core/Src/LCD1602.c:221:6:HD44780_NoBacklight	0	static
../Core/Src/LCD1602.c:227:6:HD44780_Backlight	0	static
../Core/Src/LCD1602.c:215:6:HD44780_SetBacklight	0	static
