../Core/Src/LCD1602.c:169:13:writeExpander	24	static
../Core/Src/LCD1602.c:163:13:write4bits	8	static
../Core/Src/LCD1602.c:153:13:send	16	static
../Core/Src/LCD1602.c:143:13:sendCMD	0	static
../Core/Src/LCD1602.c:80:6:LCD1602_Clear	8	static
../Core/Src/LCD1602.c:86:6:LCD1602_Home	8	static
../Core/Src/LCD1602.c:92:6:LCD1602_SetCursor	24	static
../Core/Src/LCD1602.c:98:6:LCD1602_NoDisplay	0	static
../Core/Src/LCD1602.c:104:6:LCD1602_Display	0	static
../Core/Src/LCD1602.c:110:6:LCD1602_Cursor	0	static
../Core/Src/LCD1602.c:116:6:LCD1602_CreateSpecialChar	16	static
../Core/Src/LCD1602.c:38:6:LCD1602_Init	16	static
../Core/Src/LCD1602.c:126:6:LCD1602_Backlight	0	static
../Core/Src/LCD1602.c:132:6:LCD1602_NoBacklight	0	static
../Core/Src/LCD1602.c:138:6:LCD1602_PrintStr	8	static
